<html>
<body>
<pre>
<h1>µVision Build Log</h1>
<h2>Tool Versions:</h2>
IDE-Version: ¦ÌVision V5.24.2.0
Copyright (C) 2017 ARM Ltd and ARM Germany GmbH. All rights reserved.
License Information: 1 nightt, 1, LIC=----
 
Tool Versions:
Toolchain:       MDK-Lite  Version: 5.24.1
Toolchain Path:  D:\robot\51\keil\ARM\ARMCC\Bin
C Compiler:      Armcc.exe V5.06 update 5 (build 528)
Assembler:       Armasm.exe V5.06 update 5 (build 528)
Linker/Locator:  ArmLink.exe V5.06 update 5 (build 528)
Library Manager: ArmAr.exe V5.06 update 5 (build 528)
Hex Converter:   FromElf.exe V5.06 update 5 (build 528)
CPU DLL:         SARMCM3.DLL V5.24.1
Dialog DLL:      DARMCM1.DLL V1.18.0.0
Target DLL:      CMSIS_AGDI.dll V1.28.3.0
Dialog DLL:      TARMCM1.DLL V1.13.0.0
 
<h2>Project:</h2>
d:\robot\51\Holtek\HT_2023\project\MDK_ARMv5\project.uvprojx
Project File Date:  05/04/2023

<h2>Output:</h2>
*** Using Compiler 'V5.06 update 5 (build 528)', folder: 'D:\robot\51\keil\ARM\ARMCC\Bin'
Build target 'HT32'
compiling system_ht32f5xxxx_01.c...
"no source": Error:  #5: cannot open source input file "..\system_ht32f5xxxx_01.c": No such file or directory
..\system_ht32f5xxxx_01.c: 0 warnings, 1 error
compiling main.c...
linking...
Program Size: Code=6720 RO-data=32 RW-data=60 ZI-data=2084  
FromELF: creating hex file...
After Build - User command #1: fromelf --bin -o "d:\robot\51\Holtek\HT_2023\project\MDK_ARMv5\HT32\52352\HT32.axf.bin" "d:\robot\51\Holtek\HT_2023\project\MDK_ARMv5\HT32\52352\HT32.axf"
".\HT32\52352\HT32.axf" - 0 Error(s), 0 Warning(s).

<h2>Software Packages used:</h2>

Package Vendor: Holtek
                https://mcu.holtek.com.tw/pack/Holtek.HT32_DFP.1.0.44.pack
                Holtek.HT32_DFP.1.0.44
                Holtek HT32 Family Support

<h2>Collection of Component include folders:</h2>
  .\RTE\_HT32
  D:\robot\51\keil\ARM\PACK\Holtek\HT32_DFP\1.0.44\ARM\INC\Holtek\HT32F5xxxx

<h2>Collection of Component Files used:</h2>
Build Time Elapsed:  00:00:01
</pre>
</body>
</html>
