<html>
<body>
<pre>
<h1>µVision Build Log</h1>
<h2>Tool Versions:</h2>
IDE-Version: ¦ÌVision V5.24.2.0
Copyright (C) 2017 ARM Ltd and ARM Germany GmbH. All rights reserved.
License Information: 1 nightt, 1, LIC=----
 
Tool Versions:
Toolchain:       MDK-Lite  Version: 5.24.1
Toolchain Path:  D:\robot\51\keil\ARM\ARMCC\Bin
C Compiler:      Armcc.exe V5.06 update 5 (build 528)
Assembler:       Armasm.exe V5.06 update 5 (build 528)
Linker/Locator:  ArmLink.exe V5.06 update 5 (build 528)
Library Manager: ArmAr.exe V5.06 update 5 (build 528)
Hex Converter:   FromElf.exe V5.06 update 5 (build 528)
CPU DLL:         SARMCM3.DLL V5.24.1
Dialog DLL:      DARMCM1.DLL V1.18.0.0
Target DLL:      Segger\JL2CM3.dll V2.99.26.0
Dialog DLL:      TARMCM1.DLL V1.13.0.0
 
<h2>Project:</h2>
D:\robot\51\Holtek\HT_2023\project\MDK_ARMv5\project.uvprojx
Project File Date:  05/01/2023

<h2>Output:</h2>
*** Using Compiler 'V5.06 update 5 (build 528)', folder: 'D:\robot\51\keil\ARM\ARMCC\Bin'
Rebuild target 'HT32'
assembling ht32_op.s...
assembling startup_ht32f5xxxx_01.s...
compiling GPTM0.c...
compiling GPIO.c...
compiling ht32f5xxxx_01_it.c...
compiling BFTM0.c...
compiling LED.c...
compiling main.c...
compiling ADC.c...
compiling UART1.c...
compiling UART0.c...
compiling ht32_retarget.c...
compiling I2C.c...
compiling ht32_serial.c...
compiling system_ht32f5xxxx_01.c...
compiling ht32_board.c...
compiling i2c_eeprom.c...
compiling spi_flash.c...
compiling ht32_cm0plus_misc.c...
compiling ht32f5xxxx_bftm.c...
compiling ht32f5xxxx_flash.c...
compiling ht32f5xxxx_exti.c...
compiling ht32f5xxxx_ckcu.c...
compiling ebi_lcd.c...
compiling ht32f5xxxx_gpio.c...
compiling ht32f5xxxx_rstcu.c...
compiling ht32f5xxxx_wdt.c...
compiling ht32f5xxxx_pwrcu.c...
compiling ht32f5xxxx_usart.c...
compiling ht32f5xxxx_tm.c...
compiling ht32f5xxxx_spi.c...
compiling ht32f5xxxx_adc.c...
compiling ht32f5xxxx_i2c.c...
compiling ht32f5xxxx_crc.c...
compiling ht32f5xxxx_mctm.c...
compiling ht32f5xxxx_rtc.c...
compiling ht32f5xxxx_sci.c...
compiling ht32f5xxxx_pdma.c...
compiling ht32f5xxxx_cmp.c...
compiling ht32f5xxxx_ebi.c...
compiling ht32f5xxxx_usbd.c...
compiling ht32f5xxxx_i2s.c...
linking...
Program Size: Code=5680 RO-data=32 RW-data=28 ZI-data=2084  
FromELF: creating hex file...
After Build - User command #1: fromelf --bin -o "D:\robot\51\Holtek\HT_2023\project\MDK_ARMv5\HT32\52352\HT32.axf.bin" "D:\robot\51\Holtek\HT_2023\project\MDK_ARMv5\HT32\52352\HT32.axf"
".\HT32\52352\HT32.axf" - 0 Error(s), 0 Warning(s).

<h2>Software Packages used:</h2>

Package Vendor: Holtek
                https://mcu.holtek.com.tw/pack/Holtek.HT32_DFP.1.0.44.pack
                Holtek.HT32_DFP.1.0.44
                Holtek HT32 Family Support

<h2>Collection of Component include folders:</h2>
  .\RTE\_HT32
  D:\robot\51\keil\ARM\PACK\Holtek\HT32_DFP\1.0.44\ARM\INC\Holtek\HT32F5xxxx

<h2>Collection of Component Files used:</h2>
Build Time Elapsed:  00:00:02
</pre>
</body>
</html>
