Component: ARM Compiler 5.06 update 7 (build 960) Tool: armlink [4d3601]

==============================================================================

Section Cross References

    main.o(i.Init) refers to gpio.o(i.GPIO_Configuration) for GPIO_Configuration
    main.o(i.Init) refers to bftm0.o(i.BFTM0_Configuration) for BFTM0_Configuration
    main.o(i.Init) refers to adc.o(i.ADC_Configuration) for ADC_Configuration
    main.o(i.Init) refers to led.o(i.led_init) for led_init
    main.o(i.Init) refers to led.o(i.bttery_level) for bttery_level
    main.o(i.Init) refers to ht32f5xxxx_adc.o(i.ADC_Cmd) for ADC_Cmd
    main.o(i.Init) refers to ht32f5xxxx_adc.o(i.ADC_SoftwareStartConvCmd) for ADC_SoftwareStartConvCmd
    main.o(i.Init) refers to uart0.o(i.UART0_Configuration) for UART0_Configuration
    main.o(i.Init) refers to uart1.o(i.UART1_Configuration) for UART1_Configuration
    main.o(i.Init) refers to gptm0.o(i.GPTM0_Configuration) for GPTM0_Configuration
    main.o(i.Init) refers to main.o(i.delay_us) for delay_us
    main.o(i.Init) refers to main.o(.data) for .data
    main.o(i.battery_indicator) refers to adc.o(i.Get_Voltage) for Get_Voltage
    main.o(i.battery_indicator) refers to led.o(i.bttery_level) for bttery_level
    main.o(i.battery_indicator) refers to main.o(.data) for .data
    main.o(i.cheak_Rxdata) refers to uart0.o(i.UART0_analyze_data) for UART0_analyze_data
    main.o(i.cheak_Rxdata) refers to uart1.o(i.UART1_tx_data) for UART1_tx_data
    main.o(i.cheak_Rxdata) refers to ht32f5xxxx_gpio.o(i.GPIO_SetOutBits) for GPIO_SetOutBits
    main.o(i.cheak_Rxdata) refers to ht32f5xxxx_gpio.o(i.GPIO_ClearOutBits) for GPIO_ClearOutBits
    main.o(i.cheak_Rxdata) refers to main.o(.data) for .data
    main.o(i.click_button) refers to ht32f5xxxx_gpio.o(i.GPIO_ReadInBit) for GPIO_ReadInBit
    main.o(i.click_button) refers to main.o(i.delay_us) for delay_us
    main.o(i.click_button) refers to main.o(i.temperature_RGB_UART) for temperature_RGB_UART
    main.o(i.click_button) refers to uart1.o(i.UART1_tx_data) for UART1_tx_data
    main.o(i.click_button) refers to ht32f5xxxx_gpio.o(i.GPIO_SetOutBits) for GPIO_SetOutBits
    main.o(i.click_button) refers to ht32f5xxxx_gpio.o(i.GPIO_ClearOutBits) for GPIO_ClearOutBits
    main.o(i.click_button) refers to uart0.o(i.UART0_tx_data) for UART0_tx_data
    main.o(i.click_button) refers to main.o(.data) for .data
    main.o(i.detect_complete) refers to ht32f5xxxx_gpio.o(i.GPIO_SetOutBits) for GPIO_SetOutBits
    main.o(i.detect_complete) refers to ht32f5xxxx_gpio.o(i.GPIO_ClearOutBits) for GPIO_ClearOutBits
    main.o(i.detect_complete) refers to uart1.o(i.UART1_tx_data) for UART1_tx_data
    main.o(i.detect_complete) refers to main.o(i.delay_us) for delay_us
    main.o(i.detect_complete) refers to main.o(i.main) for main
    main.o(i.detect_complete) refers to main.o(.data) for .data
    main.o(i.main) refers to main.o(i.Init) for Init
    main.o(i.main) refers to main.o(i.delay_us) for delay_us
    main.o(i.main) refers to main.o(i.detect_complete) for detect_complete
    main.o(i.main) refers to main.o(i.click_button) for click_button
    main.o(i.main) refers to main.o(i.battery_indicator) for battery_indicator
    main.o(i.main) refers to main.o(.data) for .data
    main.o(i.main) refers to gptm0.o(.data) for gptm0_ct
    main.o(i.temperature_RGB_UART) refers to i2c.o(i.temperature_measurement) for temperature_measurement
    main.o(i.temperature_RGB_UART) refers to uidiv.o(.text) for __aeabi_uidivmod
    main.o(i.temperature_RGB_UART) refers to ht32f5xxxx_gpio.o(i.GPIO_SetOutBits) for GPIO_SetOutBits
    main.o(i.temperature_RGB_UART) refers to ht32f5xxxx_gpio.o(i.GPIO_ClearOutBits) for GPIO_ClearOutBits
    main.o(i.temperature_RGB_UART) refers to uart1.o(i.UART1_tx_data) for UART1_tx_data
    main.o(i.temperature_RGB_UART) refers to uart0.o(i.UART0_tx_data) for UART0_tx_data
    main.o(i.temperature_RGB_UART) refers to main.o(.data) for .data
    gpio.o(i.GPIO_Configuration) refers to ht32f5xxxx_ckcu.o(i.CKCU_PeripClockConfig) for CKCU_PeripClockConfig
    gpio.o(i.GPIO_Configuration) refers to ht32f5xxxx_gpio.o(i.GPIO_ClearOutBits) for GPIO_ClearOutBits
    gpio.o(i.GPIO_Configuration) refers to ht32f5xxxx_gpio.o(i.GPIO_DirectionConfig) for GPIO_DirectionConfig
    gpio.o(i.GPIO_Configuration) refers to ht32f5xxxx_gpio.o(i.GPIO_InputConfig) for GPIO_InputConfig
    bftm0.o(i.BFTM0_Configuration) refers to ht32f5xxxx_ckcu.o(i.CKCU_PeripClockConfig) for CKCU_PeripClockConfig
    bftm0.o(i.BFTM0_Configuration) refers to ht32f5xxxx_bftm.o(i.BFTM_IntConfig) for BFTM_IntConfig
    bftm0.o(i.BFTM0_Configuration) refers to ldiv.o(.text) for __aeabi_ldivmod
    bftm0.o(i.BFTM0_Configuration) refers to ht32f5xxxx_bftm.o(i.BFTM_SetCompare) for BFTM_SetCompare
    bftm0.o(i.BFTM0_Configuration) refers to ht32f5xxxx_bftm.o(i.BFTM_SetCounter) for BFTM_SetCounter
    bftm0.o(i.BFTM0_Configuration) refers to ht32f5xxxx_bftm.o(i.BFTM_EnaCmd) for BFTM_EnaCmd
[...]
    Removing ht32_serial.o(i.SERIAL_GetChar), (28 bytes).
    Removing ht32_serial.o(i.SERIAL_PutChar), (20 bytes).
    Removing ht32_board.o(.rev16_text), (4 bytes).
    Removing ht32_board.o(.revsh_text), (4 bytes).
    Removing ht32_board.o(i.HT32F_DVB_BuzzerFun), (292 bytes).
    Removing ht32_board.o(i.HT32F_DVB_BuzzerOutputCmd), (20 bytes).
    Removing ht32_board.o(i.HT32F_DVB_COMInit), (80 bytes).
    Removing ht32_board.o(i.HT32F_DVB_LEDInit), (88 bytes).
    Removing ht32_board.o(i.HT32F_DVB_LEDOff), (24 bytes).
    Removing ht32_board.o(i.HT32F_DVB_LEDOn), (24 bytes).
    Removing ht32_board.o(i.HT32F_DVB_LEDToggle), (32 bytes).
    Removing ht32_board.o(i.HT32F_DVB_PBGetState), (28 bytes).
    Removing ht32_board.o(i.HT32F_DVB_PBInit), (196 bytes).
    Removing ht32_board.o(i._HT32F_DVB_ClockConfig), (72 bytes).
    Removing ht32_board.o(.constdata), (68 bytes).
    Removing i2c_eeprom.o(.rev16_text), (4 bytes).
    Removing i2c_eeprom.o(.revsh_text), (4 bytes).
    Removing i2c_eeprom.o(i.I2C_EEPROM_BufferRead), (156 bytes).
    Removing i2c_eeprom.o(i.I2C_EEPROM_BufferWrite), (50 bytes).
    Removing i2c_eeprom.o(i.I2C_EEPROM_Init), (84 bytes).
    Removing i2c_eeprom.o(i.I2C_EEPROM_PageWrite), (96 bytes).
    Removing i2c_eeprom.o(i._I2C_EEPROM_AckPolling), (60 bytes).
    Removing spi_flash.o(.rev16_text), (4 bytes).
    Removing spi_flash.o(.revsh_text), (4 bytes).
    Removing spi_flash.o(i.SPI_FLASH_BlockErase), (64 bytes).
    Removing spi_flash.o(i.SPI_FLASH_BufferDualRead), (104 bytes).
    Removing spi_flash.o(i.SPI_FLASH_BufferDualReadByDMA), (276 bytes).
    Removing spi_flash.o(i.SPI_FLASH_BufferRead), (76 bytes).
    Removing spi_flash.o(i.SPI_FLASH_BufferReadByDMA), (256 bytes).
    Removing spi_flash.o(i.SPI_FLASH_BufferWriteBy), (194 bytes).
    Removing spi_flash.o(i.SPI_FLASH_ChipErase), (40 bytes).
    Removing spi_flash.o(i.SPI_FLASH_Init), (148 bytes).
    Removing spi_flash.o(i.SPI_FLASH_PageWrite), (84 bytes).
    Removing spi_flash.o(i.SPI_FLASH_PageWriteByDMA), (256 bytes).
    Removing spi_flash.o(i.SPI_FLASH_ReadJEDECID), (64 bytes).
    Removing spi_flash.o(i.SPI_FLASH_SectorErase), (64 bytes).
    Removing spi_flash.o(i.SPI_FLASH_SendByte), (52 bytes).
    Removing spi_flash.o(i.SPI_FLASH_WaitForWriteEnd), (44 bytes).
    Removing spi_flash.o(i.SPI_FLASH_WriteDisable), (32 bytes).
    Removing spi_flash.o(i.SPI_FLASH_WriteEnable), (32 bytes).
    Removing spi_flash.o(i.SPI_FLASH_WriteStatus), (44 bytes).
    Removing ebi_lcd.o(.rev16_text), (4 bytes).
    Removing ebi_lcd.o(.revsh_text), (4 bytes).
    Removing ebi_lcd.o(i.LCD_BackColorSet), (12 bytes).
    Removing ebi_lcd.o(i.LCD_CharDisplay), (24 bytes).
    Removing ebi_lcd.o(i.LCD_CharDraw), (84 bytes).
    Removing ebi_lcd.o(i.LCD_CircleDraw), (200 bytes).
    Removing ebi_lcd.o(i.LCD_Clear), (32 bytes).
    Removing ebi_lcd.o(i.LCD_Config), (640 bytes).
    Removing ebi_lcd.o(i.LCD_DisplayOff), (12 bytes).
    Removing ebi_lcd.o(i.LCD_DisplayOn), (12 bytes).
    Removing ebi_lcd.o(i.LCD_Init), (340 bytes).
    Removing ebi_lcd.o(i.LCD_LineDraw), (80 bytes).
    Removing ebi_lcd.o(i.LCD_PicDraw), (86 bytes).
    Removing ebi_lcd.o(i.LCD_ReadReg), (10 bytes).
    Removing ebi_lcd.o(i.LCD_RectDraw), (58 bytes).
    Removing ebi_lcd.o(i.LCD_SetDisplayArea), (84 bytes).
    Removing ebi_lcd.o(i.LCD_StarterSet), (44 bytes).
    Removing ebi_lcd.o(i.LCD_StringLineDisplay), (40 bytes).
    Removing ebi_lcd.o(i.LCD_TextColorSet), (12 bytes).
    Removing ebi_lcd.o(i.LCD_WriteRAM), (8 bytes).
    Removing ebi_lcd.o(i.LCD_WriteRAMPrior), (10 bytes).
    Removing ebi_lcd.o(i.LCD_WriteRAMWord), (12 bytes).
    Removing ebi_lcd.o(i.LCD_WriteReg), (10 bytes).
    Removing ebi_lcd.o(i._delay), (28 bytes).
    Removing ebi_lcd.o(.constdata), (4560 bytes).
    Removing ebi_lcd.o(.data), (4 bytes).
    Removing ht32_cm0plus_misc.o(.rev16_text), (4 bytes).
    Removing ht32_cm0plus_misc.o(.revsh_text), (4 bytes).
    Removing ht32_cm0plus_misc.o(i.DIV32_Init), (20 bytes).
    Removing ht32_cm0plus_misc.o(i.NVIC_LowPowerConfig), (24 bytes).
    Removing ht32_cm0plus_misc.o(i.NVIC_SetPendingSystemHandler), (16 bytes).
    Removing ht32_cm0plus_misc.o(i.NVIC_SetVectorTable), (20 bytes).
    Removing ht32_cm0plus_misc.o(i.RBIT), (22 bytes).
    Removing ht32_cm0plus_misc.o(i.Rand_Init), (28 bytes).
    Removing ht32_cm0plus_misc.o(i.SYSTICK_ClockSourceConfig), (24 bytes).
    Removing ht32_cm0plus_misc.o(i.SYSTICK_CounterCmd), (36 bytes).
    Removing ht32_cm0plus_misc.o(i.SYSTICK_IntConfig), (24 bytes).
    Removing ht32_cm0plus_misc.o(i.SYSTICK_SetReloadValue), (12 bytes).
    Removing ht32_cm0plus_misc.o(.constdata), (344 bytes).
    Removing ht32_cm0plus_misc.o(.data), (360 bytes).
    Removing ht32f5xxxx_bftm.o(.rev16_text), (4 bytes).
    Removing ht32f5xxxx_bftm.o(.revsh_text), (4 bytes).
    Removing ht32f5xxxx_bftm.o(i.BFTM_DeInit), (48 bytes).
    Removing ht32f5xxxx_bftm.o(i.BFTM_GetCompare), (4 bytes).
    Removing ht32f5xxxx_bftm.o(i.BFTM_GetCounter), (4 bytes).
    Removing ht32f5xxxx_bftm.o(i.BFTM_GetFlagStatus), (10 bytes).
    Removing ht32f5xxxx_bftm.o(i.BFTM_OneShotModeCmd), (18 bytes).
    Removing ht32f5xxxx_ckcu.o(.rev16_text), (4 bytes).
    Removing ht32f5xxxx_ckcu.o(.revsh_text), (4 bytes).
    Removing ht32f5xxxx_ckcu.o(i.CKCU_BKISOCmd), (28 bytes).
    Removing ht32f5xxxx_ckcu.o(i.CKCU_CKMCmd), (24 bytes).
    Removing ht32f5xxxx_ckcu.o(i.CKCU_CKOUTConfig), (20 bytes).
    Removing ht32f5xxxx_ckcu.o(i.CKCU_ClearIntFlag), (16 bytes).
    Removing ht32f5xxxx_ckcu.o(i.CKCU_DeInit), (92 bytes).
    Removing ht32f5xxxx_ckcu.o(i.CKCU_GetClockReadyStatus), (20 bytes).
    Removing ht32f5xxxx_ckcu.o(i.CKCU_GetIntStatus), (20 bytes).
    Removing ht32f5xxxx_ckcu.o(i.CKCU_GetSysClockSource), (16 bytes).
    Removing ht32f5xxxx_ckcu.o(i.CKCU_HSECmd), (20 bytes).
    Removing ht32f5xxxx_ckcu.o(i.CKCU_HSIAutoTrimClkConfig), (20 bytes).
    Removing ht32f5xxxx_ckcu.o(i.CKCU_HSIAutoTrimCmd), (32 bytes).
    Removing ht32f5xxxx_ckcu.o(i.CKCU_HSIAutoTrimIsReady), (88 bytes).
    Removing ht32f5xxxx_ckcu.o(i.CKCU_HSICmd), (24 bytes).
    Removing ht32f5xxxx_ckcu.o(i.CKCU_IS_HSE_USED), (24 bytes).
    Removing ht32f5xxxx_ckcu.o(i.CKCU_IS_HSI_USED), (24 bytes).
    Removing ht32f5xxxx_ckcu.o(i.CKCU_IS_PLL_USED), (24 bytes).
    Removing ht32f5xxxx_ckcu.o(i.CKCU_IntConfig), (28 bytes).
    Removing ht32f5xxxx_ckcu.o(i.CKCU_MCUDBGConfig), (24 bytes).
    Removing ht32f5xxxx_ckcu.o(i.CKCU_PLLCmd), (20 bytes).
    Removing ht32f5xxxx_ckcu.o(i.CKCU_PLLInit), (48 bytes).
    Removing ht32f5xxxx_ckcu.o(i.CKCU_PSRCWKUPCmd), (24 bytes).
    Removing ht32f5xxxx_ckcu.o(i.CKCU_SetCKREFPrescaler), (24 bytes).
    Removing ht32f5xxxx_ckcu.o(i.CKCU_SetHCLKPrescaler), (12 bytes).
    Removing ht32f5xxxx_ckcu.o(i.CKCU_SetPeripPrescaler), (40 bytes).
    Removing ht32f5xxxx_ckcu.o(i.CKCU_SleepClockConfig), (24 bytes).
    Removing ht32f5xxxx_ckcu.o(i.CKCU_SysClockConfig), (44 bytes).
    Removing ht32f5xxxx_ckcu.o(i.CKCU_WaitHSEReady), (36 bytes).
    Removing ht32f5xxxx_exti.o(.rev16_text), (4 bytes).
    Removing ht32f5xxxx_exti.o(.revsh_text), (4 bytes).
    Removing ht32f5xxxx_exti.o(i.EXTI_ClearEdgeFlag), (16 bytes).
    Removing ht32f5xxxx_exti.o(i.EXTI_ClearWakeupFlag), (20 bytes).
    Removing ht32f5xxxx_exti.o(i.EXTI_DeInit), (56 bytes).
    Removing ht32f5xxxx_exti.o(i.EXTI_GetEdgeFlag), (24 bytes).
    Removing ht32f5xxxx_exti.o(i.EXTI_GetEdgeStatus), (40 bytes).
    Removing ht32f5xxxx_exti.o(i.EXTI_GetSWCmdStatus), (24 bytes).
    Removing ht32f5xxxx_exti.o(i.EXTI_GetWakeupFlagStatus), (24 bytes).
    Removing ht32f5xxxx_exti.o(i.EXTI_Init), (32 bytes).
    Removing ht32f5xxxx_exti.o(i.EXTI_IntConfig), (28 bytes).
    Removing ht32f5xxxx_exti.o(i.EXTI_SWIntCmd), (28 bytes).
    Removing ht32f5xxxx_exti.o(i.EXTI_WakeupEventConfig), (44 bytes).
    Removing ht32f5xxxx_exti.o(i.EXTI_WakeupEventIntConfig), (28 bytes).
    Removing ht32f5xxxx_flash.o(.rev16_text), (4 bytes).
    Removing ht32f5xxxx_flash.o(.revsh_text), (4 bytes).
    Removing ht32f5xxxx_flash.o(i.FLASH_BranchCacheCmd), (28 bytes).
    Removing ht32f5xxxx_flash.o(i.FLASH_ClearIntFlag), (12 bytes).
    Removing ht32f5xxxx_flash.o(i.FLASH_EraseOptionByte), (16 bytes).
    Removing ht32f5xxxx_flash.o(i.FLASH_ErasePage), (24 bytes).
    Removing ht32f5xxxx_flash.o(i.FLASH_GetIntStatus), (20 bytes).
    Removing ht32f5xxxx_flash.o(i.FLASH_GetOptionByteStatus), (48 bytes).
    Removing ht32f5xxxx_flash.o(i.FLASH_IntConfig), (24 bytes).
    Removing ht32f5xxxx_flash.o(i.FLASH_MassErase), (24 bytes).
    Removing ht32f5xxxx_flash.o(i.FLASH_PrefetchBufferCmd), (24 bytes).
    Removing ht32f5xxxx_flash.o(i.FLASH_ProgramOptionByte), (76 bytes).
    Removing ht32f5xxxx_flash.o(i.FLASH_ProgramWordData), (28 bytes).
    Removing ht32f5xxxx_flash.o(i.FLASH_SetRemappingMode), (12 bytes).
    Removing ht32f5xxxx_flash.o(i.FLASH_SetWaitState), (20 bytes).
    Removing ht32f5xxxx_flash.o(i.FLASH_WaitForOperationEnd), (80 bytes).
    Removing ht32f5xxxx_gpio.o(.rev16_text), (4 bytes).
    Removing ht32f5xxxx_gpio.o(.revsh_text), (4 bytes).
    Removing ht32f5xxxx_gpio.o(i.AFIO_DeInit), (18 bytes).
    Removing ht32f5xxxx_gpio.o(i.AFIO_EXTISourceConfig), (44 bytes).
    Removing ht32f5xxxx_gpio.o(i.GPIO_DeInit), (76 bytes).
    Removing ht32f5xxxx_gpio.o(i.GPIO_DisableDebugPort), (56 bytes).
    Removing ht32f5xxxx_gpio.o(i.GPIO_DriveConfig), (48 bytes).
    Removing ht32f5xxxx_gpio.o(i.GPIO_GetID), (8 bytes).
    Removing ht32f5xxxx_gpio.o(i.GPIO_IsPinLocked), (10 bytes).
    Removing ht32f5xxxx_gpio.o(i.GPIO_IsPortLocked), (10 bytes).
    Removing ht32f5xxxx_gpio.o(i.GPIO_OpenDrainConfig), (16 bytes).
    Removing ht32f5xxxx_gpio.o(i.GPIO_PinLock), (12 bytes).
    Removing ht32f5xxxx_gpio.o(i.GPIO_ReadInData), (6 bytes).
    Removing ht32f5xxxx_gpio.o(i.GPIO_ReadOutBit), (10 bytes).
    Removing ht32f5xxxx_gpio.o(i.GPIO_ReadOutData), (6 bytes).
    Removing ht32f5xxxx_gpio.o(i.GPIO_WriteOutBits), (12 bytes).
    Removing ht32f5xxxx_gpio.o(i.GPIO_WriteOutData), (4 bytes).
    Removing ht32f5xxxx_gpio.o(i._AFIO_ClockControl), (40 bytes).
    Removing ht32f5xxxx_gpio.o(i._GPIO_ClockControl), (48 bytes).
    Removing ht32f5xxxx_pwrcu.o(.rev16_text), (4 bytes).
    Removing ht32f5xxxx_pwrcu.o(.revsh_text), (4 bytes).
    Removing ht32f5xxxx_pwrcu.o(i.PWRCU_BODCmd), (28 bytes).
    Removing ht32f5xxxx_pwrcu.o(i.PWRCU_BODRISConfig), (24 bytes).
    Removing ht32f5xxxx_pwrcu.o(i.PWRCU_CheckReadyAccessed), (32 bytes).
    Removing ht32f5xxxx_pwrcu.o(i.PWRCU_DMOSCmd), (40 bytes).
    Removing ht32f5xxxx_pwrcu.o(i.PWRCU_DeInit), (28 bytes).
    Removing ht32f5xxxx_pwrcu.o(i.PWRCU_DeepSleep1), (92 bytes).
    Removing ht32f5xxxx_pwrcu.o(i.PWRCU_DeepSleep2), (104 bytes).
    Removing ht32f5xxxx_pwrcu.o(i.PWRCU_DeepSleep2Ex), (192 bytes).
    Removing ht32f5xxxx_pwrcu.o(i.PWRCU_GetBODFlagStatus), (16 bytes).
    Removing ht32f5xxxx_pwrcu.o(i.PWRCU_GetDMOSStatus), (36 bytes).
    Removing ht32f5xxxx_pwrcu.o(i.PWRCU_GetFlagStatus), (12 bytes).
    Removing ht32f5xxxx_pwrcu.o(i.PWRCU_GetLVDFlagStatus), (16 bytes).
    Removing ht32f5xxxx_pwrcu.o(i.PWRCU_HSIReadyCounterBitLengthConfig), (12 bytes).
    Removing ht32f5xxxx_pwrcu.o(i.PWRCU_LDOConfig), (56 bytes).
    Removing ht32f5xxxx_pwrcu.o(i.PWRCU_LVDCmd), (28 bytes).
    Removing ht32f5xxxx_pwrcu.o(i.PWRCU_LVDEventWakeupConfig), (28 bytes).
    Removing ht32f5xxxx_pwrcu.o(i.PWRCU_LVDIntWakeupConfig), (28 bytes).
    Removing ht32f5xxxx_pwrcu.o(i.PWRCU_PowerDown), (148 bytes).
    Removing ht32f5xxxx_pwrcu.o(i.PWRCU_ReadBackupRegister), (16 bytes).
    Removing ht32f5xxxx_pwrcu.o(i.PWRCU_SetLVDS), (20 bytes).
    Removing ht32f5xxxx_pwrcu.o(i.PWRCU_Sleep), (32 bytes).
    Removing ht32f5xxxx_pwrcu.o(i.PWRCU_V15RDYSourceConfig), (28 bytes).
    Removing ht32f5xxxx_pwrcu.o(i.PWRCU_WakeupPinCmd), (24 bytes).
    Removing ht32f5xxxx_pwrcu.o(i.PWRCU_WakeupPinIntConfig), (24 bytes).
    Removing ht32f5xxxx_pwrcu.o(i.PWRCU_WriteBackupRegister), (16 bytes).
    Removing ht32f5xxxx_pwrcu.o(.data), (1 bytes).
    Removing ht32f5xxxx_rstcu.o(.rev16_text), (4 bytes).
    Removing ht32f5xxxx_rstcu.o(.revsh_text), (4 bytes).
    Removing ht32f5xxxx_rstcu.o(i.RSTCU_ClearAllResetFlag), (12 bytes).
    Removing ht32f5xxxx_rstcu.o(i.RSTCU_ClearResetFlag), (16 bytes).
    Removing ht32f5xxxx_rstcu.o(i.RSTCU_GetResetFlagStatus), (24 bytes).
    Removing ht32f5xxxx_rstcu.o(i.RSTCU_PeripReset), (40 bytes).
    Removing ht32f5xxxx_wdt.o(.rev16_text), (4 bytes).
    Removing ht32f5xxxx_wdt.o(.revsh_text), (4 bytes).
    Removing ht32f5xxxx_wdt.o(i.WDT_Cmd), (28 bytes).
    Removing ht32f5xxxx_wdt.o(i.WDT_DeInit), (16 bytes).
    Removing ht32f5xxxx_wdt.o(i.WDT_GetDeltaValue), (16 bytes).
    Removing ht32f5xxxx_wdt.o(i.WDT_GetFlagStatus), (20 bytes).
    Removing ht32f5xxxx_wdt.o(i.WDT_GetPrescaler), (20 bytes).
    Removing ht32f5xxxx_wdt.o(i.WDT_GetReloadValue), (16 bytes).
    Removing ht32f5xxxx_wdt.o(i.WDT_HaltConfig), (24 bytes).
    Removing ht32f5xxxx_wdt.o(i.WDT_LockCmd), (36 bytes).
    Removing ht32f5xxxx_wdt.o(i.WDT_ProtectCmd), (28 bytes).
    Removing ht32f5xxxx_wdt.o(i.WDT_ResetCmd), (28 bytes).
    Removing ht32f5xxxx_wdt.o(i.WDT_Restart), (16 bytes).
    Removing ht32f5xxxx_wdt.o(i.WDT_SetDeltaValue), (20 bytes).
    Removing ht32f5xxxx_wdt.o(i.WDT_SetPrescaler), (20 bytes).
    Removing ht32f5xxxx_wdt.o(i.WDT_SetReloadValue), (20 bytes).
    Removing ht32f5xxxx_wdt.o(i.WDT_SourceConfig), (16 bytes).
    Removing ht32f5xxxx_tm.o(.rev16_text), (4 bytes).
    Removing ht32f5xxxx_tm.o(.revsh_text), (4 bytes).
    Removing ht32f5xxxx_tm.o(i.TM_CHCCDSConfig), (20 bytes).
    Removing ht32f5xxxx_tm.o(i.TM_CHCCRPreloadConfig), (24 bytes).
    Removing ht32f5xxxx_tm.o(i.TM_CHPSCConfig), (22 bytes).
    Removing ht32f5xxxx_tm.o(i.TM_CKDIVConfig), (18 bytes).
    Removing ht32f5xxxx_tm.o(i.TM_CRRPreloadCmd), (18 bytes).
    Removing ht32f5xxxx_tm.o(i.TM_CaptureInit), (32 bytes).
    Removing ht32f5xxxx_tm.o(i.TM_CaptureStructInit), (18 bytes).
    Removing ht32f5xxxx_tm.o(i.TM_ChExternalClockConfig), (50 bytes).
    Removing ht32f5xxxx_tm.o(i.TM_ChPolarityConfig), (20 bytes).
    Removing ht32f5xxxx_tm.o(i.TM_ChannelConfig), (24 bytes).
    Removing ht32f5xxxx_tm.o(i.TM_ClearIntPendingBit), (10 bytes).
    Removing ht32f5xxxx_tm.o(i.TM_ClearOREFConfig), (24 bytes).
    Removing ht32f5xxxx_tm.o(i.TM_CounterModeConfig), (28 bytes).
    Removing ht32f5xxxx_tm.o(i.TM_DeInit), (88 bytes).
    Removing ht32f5xxxx_tm.o(i.TM_DecoderConfig), (64 bytes).
    Removing ht32f5xxxx_tm.o(i.TM_EtiConfig), (24 bytes).
    Removing ht32f5xxxx_tm.o(i.TM_EtiExternalClockConfig), (20 bytes).
    Removing ht32f5xxxx_tm.o(i.TM_ForcedOREF), (18 bytes).
    Removing ht32f5xxxx_tm.o(i.TM_GenerateEvent), (4 bytes).
    Removing ht32f5xxxx_tm.o(i.TM_GetCaptureCompare), (10 bytes).
    Removing ht32f5xxxx_tm.o(i.TM_GetCounter), (6 bytes).
    Removing ht32f5xxxx_tm.o(i.TM_GetFlagStatus), (10 bytes).
    Removing ht32f5xxxx_tm.o(i.TM_GetIntStatus), (24 bytes).
    Removing ht32f5xxxx_tm.o(i.TM_GetPrescaler), (6 bytes).
    Removing ht32f5xxxx_tm.o(i.TM_HallInterfaceCmd), (22 bytes).
    Removing ht32f5xxxx_tm.o(i.TM_ImmActiveConfig), (24 bytes).
    Removing ht32f5xxxx_tm.o(i.TM_InternalClockConfig), (12 bytes).
    Removing ht32f5xxxx_tm.o(i.TM_ItiExternalClockConfig), (20 bytes).
    Removing ht32f5xxxx_tm.o(i.TM_MMSELConfig), (14 bytes).
    Removing ht32f5xxxx_tm.o(i.TM_OutputInit), (160 bytes).
    Removing ht32f5xxxx_tm.o(i.TM_OutputModeConfig), (32 bytes).
    Removing ht32f5xxxx_tm.o(i.TM_OutputStructInit), (24 bytes).
    Removing ht32f5xxxx_tm.o(i.TM_PDMAConfig), (16 bytes).
    Removing ht32f5xxxx_tm.o(i.TM_PrescalerConfig), (8 bytes).
    Removing ht32f5xxxx_tm.o(i.TM_PwmInputInit), (90 bytes).
    Removing ht32f5xxxx_tm.o(i.TM_SetAsymmetricCompare), (10 bytes).
    Removing ht32f5xxxx_tm.o(i.TM_SetCaptureCompare), (10 bytes).
    Removing ht32f5xxxx_tm.o(i.TM_SetCounter), (6 bytes).
    Removing ht32f5xxxx_tm.o(i.TM_SetCounterReload), (6 bytes).
    Removing ht32f5xxxx_tm.o(i.TM_SinglePulseModeCmd), (20 bytes).
    Removing ht32f5xxxx_tm.o(i.TM_SlaveModeConfig), (14 bytes).
    Removing ht32f5xxxx_tm.o(i.TM_StiConfig), (26 bytes).
    Removing ht32f5xxxx_tm.o(i.TM_TimSyncCmd), (20 bytes).
    Removing ht32f5xxxx_tm.o(i.TM_TimeBaseStructInit), (20 bytes).
    Removing ht32f5xxxx_tm.o(i.TM_UEVG_IntConfig), (18 bytes).
    Removing ht32f5xxxx_tm.o(i.TM_UpdateCmd), (20 bytes).
    Removing ht32f5xxxx_tm.o(i._TM_CHx_Config), (60 bytes).
    Removing ht32f5xxxx_usart.o(.rev16_text), (4 bytes).
    Removing ht32f5xxxx_usart.o(.revsh_text), (4 bytes).
    Removing ht32f5xxxx_usart.o(i.USART_ClearFlag), (8 bytes).
    Removing ht32f5xxxx_usart.o(i.USART_DeInit), (68 bytes).
    Removing ht32f5xxxx_usart.o(i.USART_FIFOReset), (8 bytes).
    Removing ht32f5xxxx_usart.o(i.USART_ForceBreakCmd), (20 bytes).
    Removing ht32f5xxxx_usart.o(i.USART_GetFIFOStatus), (18 bytes).
    Removing ht32f5xxxx_usart.o(i.USART_HardwareFlowControlCmd), (18 bytes).
    Removing ht32f5xxxx_usart.o(i.USART_IrDACmd), (20 bytes).
    Removing ht32f5xxxx_usart.o(i.USART_IrDAConfig), (18 bytes).
    Removing ht32f5xxxx_usart.o(i.USART_IrDADirectionConfig), (18 bytes).
    Removing ht32f5xxxx_usart.o(i.USART_IrDAInvtCmd), (20 bytes).
    Removing ht32f5xxxx_usart.o(i.USART_PDMACmd), (16 bytes).
    Removing ht32f5xxxx_usart.o(i.USART_RS485AADCmd), (18 bytes).
    Removing ht32f5xxxx_usart.o(i.USART_RS485NMMCmd), (18 bytes).
    Removing ht32f5xxxx_usart.o(i.USART_RS485TxEnablePolarityConfig), (20 bytes).
    Removing ht32f5xxxx_usart.o(i.USART_SetAddressMatchValue), (16 bytes).
    Removing ht32f5xxxx_usart.o(i.USART_SetGuardTime), (16 bytes).
    Removing ht32f5xxxx_usart.o(i.USART_SetIrDAPrescaler), (16 bytes).
    Removing ht32f5xxxx_usart.o(i.USART_SetTimeOutValue), (16 bytes).
    Removing ht32f5xxxx_usart.o(i.USART_StickParityCmd), (20 bytes).
    Removing ht32f5xxxx_usart.o(i.USART_StickParityConfig), (24 bytes).
    Removing ht32f5xxxx_usart.o(i.USART_StructInit), (22 bytes).
    Removing ht32f5xxxx_usart.o(i.USART_SynClockInit), (26 bytes).
    Removing ht32f5xxxx_usart.o(i.USART_SynClockStructInit), (12 bytes).
    Removing ht32f5xxxx_usart.o(i.USART_TXRXTLConfig), (20 bytes).
    Removing ht32f5xxxx_spi.o(.rev16_text), (4 bytes).
    Removing ht32f5xxxx_spi.o(.revsh_text), (4 bytes).
    Removing ht32f5xxxx_spi.o(i.SPI_ClearFlag), (4 bytes).
    Removing ht32f5xxxx_spi.o(i.SPI_Cmd), (20 bytes).
    Removing ht32f5xxxx_spi.o(i.SPI_DUALCmd), (18 bytes).
    Removing ht32f5xxxx_spi.o(i.SPI_DeInit), (44 bytes).
    Removing ht32f5xxxx_spi.o(i.SPI_FIFOCmd), (20 bytes).
    Removing ht32f5xxxx_spi.o(i.SPI_FIFOTriggerLevelConfig), (32 bytes).
    Removing ht32f5xxxx_spi.o(i.SPI_GUARDTCmd), (18 bytes).
    Removing ht32f5xxxx_spi.o(i.SPI_GUARDTConfig), (20 bytes).
    Removing ht32f5xxxx_spi.o(i.SPI_GetFIFOStatus), (20 bytes).
    Removing ht32f5xxxx_spi.o(i.SPI_GetFlagStatus), (14 bytes).
    Removing ht32f5xxxx_spi.o(i.SPI_Init), (72 bytes).
    Removing ht32f5xxxx_spi.o(i.SPI_IntConfig), (16 bytes).
    Removing ht32f5xxxx_spi.o(i.SPI_PDMACmd), (16 bytes).
    Removing ht32f5xxxx_spi.o(i.SPI_ReceiveData), (6 bytes).
    Removing ht32f5xxxx_spi.o(i.SPI_SELHTConfig), (14 bytes).
    Removing ht32f5xxxx_spi.o(i.SPI_SELModeConfig), (20 bytes).
    Removing ht32f5xxxx_spi.o(i.SPI_SELOutputCmd), (18 bytes).
    Removing ht32f5xxxx_spi.o(i.SPI_SendData), (4 bytes).
    Removing ht32f5xxxx_spi.o(i.SPI_SetDataLength), (16 bytes).
    Removing ht32f5xxxx_spi.o(i.SPI_SetTimeOutValue), (4 bytes).
    Removing ht32f5xxxx_spi.o(i.SPI_SoftwareSELCmd), (18 bytes).
    Removing ht32f5xxxx_spi.o(i.SPI_StructInit), (28 bytes).
    Removing ht32f5xxxx_i2c.o(.rev16_text), (4 bytes).
    Removing ht32f5xxxx_i2c.o(.revsh_text), (4 bytes).
    Removing ht32f5xxxx_i2c.o(i.I2C_AckCmd), (20 bytes).
    Removing ht32f5xxxx_i2c.o(i.I2C_AddressMaskConfig), (4 bytes).
    Removing ht32f5xxxx_i2c.o(i.I2C_CheckStatus), (14 bytes).
    Removing ht32f5xxxx_i2c.o(i.I2C_ClearFlag), (4 bytes).
    Removing ht32f5xxxx_i2c.o(i.I2C_Cmd), (18 bytes).
    Removing ht32f5xxxx_i2c.o(i.I2C_CombFilterCmd), (20 bytes).
    Removing ht32f5xxxx_i2c.o(i.I2C_DeInit), (44 bytes).
    Removing ht32f5xxxx_i2c.o(i.I2C_GeneralCallCmd), (18 bytes).
    Removing ht32f5xxxx_i2c.o(i.I2C_GenerateSTOP), (10 bytes).
    Removing ht32f5xxxx_i2c.o(i.I2C_GetAddressBuffer), (6 bytes).
    Removing ht32f5xxxx_i2c.o(i.I2C_GetFlagStatus), (10 bytes).
    Removing ht32f5xxxx_i2c.o(i.I2C_Init), (164 bytes).
    Removing ht32f5xxxx_i2c.o(i.I2C_IntConfig), (16 bytes).
    Removing ht32f5xxxx_i2c.o(i.I2C_PDMACmd), (16 bytes).
    Removing ht32f5xxxx_i2c.o(i.I2C_PDMANACKCmd), (20 bytes).
    Removing ht32f5xxxx_i2c.o(i.I2C_ReadRegister), (10 bytes).
    Removing ht32f5xxxx_i2c.o(i.I2C_ReceiveData), (6 bytes).
    Removing ht32f5xxxx_i2c.o(i.I2C_SendData), (4 bytes).
    Removing ht32f5xxxx_i2c.o(i.I2C_SequentialFilterConfig), (124 bytes).
    Removing ht32f5xxxx_i2c.o(i.I2C_SetOwnAddress), (4 bytes).
    Removing ht32f5xxxx_i2c.o(i.I2C_SetSCLHighPeriod), (4 bytes).
    Removing ht32f5xxxx_i2c.o(i.I2C_SetSCLLowPeriod), (4 bytes).
    Removing ht32f5xxxx_i2c.o(i.I2C_SetTimeOutPrescaler), (10 bytes).
    Removing ht32f5xxxx_i2c.o(i.I2C_SetTimeOutValue), (12 bytes).
    Removing ht32f5xxxx_i2c.o(i.I2C_StructInit), (24 bytes).
    Removing ht32f5xxxx_i2c.o(i.I2C_TargetAddressConfig), (20 bytes).
    Removing ht32f5xxxx_i2c.o(i.I2C_TimeOutCmd), (20 bytes).
    Removing ht32f5xxxx_adc.o(.rev16_text), (4 bytes).
    Removing ht32f5xxxx_adc.o(.revsh_text), (4 bytes).
    Removing ht32f5xxxx_adc.o(i.ADC_AWDConfig), (12 bytes).
    Removing ht32f5xxxx_adc.o(i.ADC_AWDSingleChannelConfig), (16 bytes).
    Removing ht32f5xxxx_adc.o(i.ADC_AWDThresholdsConfig), (8 bytes).
    Removing ht32f5xxxx_adc.o(i.ADC_DeInit), (18 bytes).
    Removing ht32f5xxxx_adc.o(i.ADC_GetIntStatus), (12 bytes).
    Removing ht32f5xxxx_adc.o(i.ADC_PDMAConfig), (18 bytes).
    Removing ht32f5xxxx_adc.o(i.ADC_Reset), (10 bytes).
    Removing ht32f5xxxx_crc.o(.rev16_text), (4 bytes).
    Removing ht32f5xxxx_crc.o(.revsh_text), (4 bytes).
    Removing ht32f5xxxx_crc.o(i.CRC_16), (32 bytes).
    Removing ht32f5xxxx_crc.o(i.CRC_32), (28 bytes).
    Removing ht32f5xxxx_crc.o(i.CRC_CCITT), (32 bytes).
    Removing ht32f5xxxx_crc.o(i.CRC_DeInit), (16 bytes).
    Removing ht32f5xxxx_crc.o(i.CRC_Init), (44 bytes).
    Removing ht32f5xxxx_crc.o(i.CRC_Process), (24 bytes).
    Removing ht32f5xxxx_rtc.o(.rev16_text), (4 bytes).
    Removing ht32f5xxxx_rtc.o(.revsh_text), (4 bytes).
    Removing ht32f5xxxx_rtc.o(i.RTC_CMPCLRCmd), (24 bytes).
    Removing ht32f5xxxx_rtc.o(i.RTC_ClockSourceConfig), (20 bytes).
    Removing ht32f5xxxx_rtc.o(i.RTC_Cmd), (28 bytes).
    Removing ht32f5xxxx_rtc.o(i.RTC_DeInit), (44 bytes).
    Removing ht32f5xxxx_rtc.o(i.RTC_GetCompare), (12 bytes).
    Removing ht32f5xxxx_rtc.o(i.RTC_GetCounter), (12 bytes).
    Removing ht32f5xxxx_rtc.o(i.RTC_GetFlagStatus), (12 bytes).
    Removing ht32f5xxxx_rtc.o(i.RTC_GetOutStatus), (20 bytes).
    Removing ht32f5xxxx_rtc.o(i.RTC_GetPrescaler), (20 bytes).
    Removing ht32f5xxxx_rtc.o(i.RTC_IntConfig), (24 bytes).
    Removing ht32f5xxxx_rtc.o(i.RTC_LSECmd), (44 bytes).
    Removing ht32f5xxxx_rtc.o(i.RTC_LSESMConfig), (20 bytes).
    Removing ht32f5xxxx_rtc.o(i.RTC_LSILoadTrimData), (68 bytes).
    Removing ht32f5xxxx_rtc.o(i.RTC_OutCmd), (28 bytes).
    Removing ht32f5xxxx_rtc.o(i.RTC_OutConfig), (56 bytes).
    Removing ht32f5xxxx_rtc.o(i.RTC_SetCompare), (12 bytes).
    Removing ht32f5xxxx_rtc.o(i.RTC_SetPrescaler), (24 bytes).
    Removing ht32f5xxxx_rtc.o(i.RTC_WakeupConfig), (24 bytes).
    Removing ht32f5xxxx_mctm.o(.rev16_text), (4 bytes).
    Removing ht32f5xxxx_mctm.o(.revsh_text), (4 bytes).
    Removing ht32f5xxxx_mctm.o(i.MCTM_CHBRKCTRConfig), (40 bytes).
    Removing ht32f5xxxx_mctm.o(i.MCTM_CHBRKCTRStructInit), (20 bytes).
    Removing ht32f5xxxx_mctm.o(i.MCTM_CHMOECmd), (18 bytes).
    Removing ht32f5xxxx_mctm.o(i.MCTM_COMPRECmd), (20 bytes).
    Removing ht32f5xxxx_mctm.o(i.MCTM_COMUSConfig), (20 bytes).
    Removing ht32f5xxxx_mctm.o(i.MCTM_ChNPolarityConfig), (22 bytes).
    Removing ht32f5xxxx_mctm.o(i.MCTM_ChannelNConfig), (26 bytes).
    Removing ht32f5xxxx_sci.o(.rev16_text), (4 bytes).
    Removing ht32f5xxxx_sci.o(.revsh_text), (4 bytes).
    Removing ht32f5xxxx_sci.o(i.SCI_ClearFlag), (28 bytes).
    Removing ht32f5xxxx_sci.o(i.SCI_ClockModeConfig), (18 bytes).
    Removing ht32f5xxxx_sci.o(i.SCI_Cmd), (18 bytes).
    Removing ht32f5xxxx_sci.o(i.SCI_DeInit), (36 bytes).
    Removing ht32f5xxxx_sci.o(i.SCI_ETUConfig), (6 bytes).
    Removing ht32f5xxxx_sci.o(i.SCI_GetFlagStatus), (14 bytes).
    Removing ht32f5xxxx_sci.o(i.SCI_Init), (30 bytes).
    Removing ht32f5xxxx_sci.o(i.SCI_IntConfig), (16 bytes).
    Removing ht32f5xxxx_sci.o(i.SCI_OutputDIO), (18 bytes).
    Removing ht32f5xxxx_sci.o(i.SCI_PDMACmd), (16 bytes).
    Removing ht32f5xxxx_sci.o(i.SCI_ReceiveData), (6 bytes).
    Removing ht32f5xxxx_sci.o(i.SCI_SendData), (4 bytes).
    Removing ht32f5xxxx_sci.o(i.SCI_SetGuardTimeValue), (4 bytes).
    Removing ht32f5xxxx_sci.o(i.SCI_SetWaitingTimeValue), (4 bytes).
    Removing ht32f5xxxx_sci.o(i.SCI_SoftwareClockCmd), (18 bytes).
    Removing ht32f5xxxx_sci.o(i.SCI_StructInit), (14 bytes).
    Removing ht32f5xxxx_sci.o(i.SCI_WaitingTimeCounterCmd), (18 bytes).
    Removing ht32f5xxxx_usbd.o(.rev16_text), (4 bytes).
    Removing ht32f5xxxx_usbd.o(.revsh_text), (4 bytes).
    Removing ht32f5xxxx_usbd.o(i.USBD_ClearINT), (12 bytes).
    Removing ht32f5xxxx_usbd.o(i.USBD_DPWakeUpCmd), (28 bytes).
    Removing ht32f5xxxx_usbd.o(i.USBD_DPpullupCmd), (24 bytes).
    Removing ht32f5xxxx_usbd.o(i.USBD_DeInit), (16 bytes).
    Removing ht32f5xxxx_usbd.o(i.USBD_DisableDefaultPull), (12 bytes).
    Removing ht32f5xxxx_usbd.o(i.USBD_DisableINT), (16 bytes).
    Removing ht32f5xxxx_usbd.o(i.USBD_EPTClearDTG), (16 bytes).
    Removing ht32f5xxxx_usbd.o(i.USBD_EPTClearHalt), (16 bytes).
    Removing ht32f5xxxx_usbd.o(i.USBD_EPTClearINT), (12 bytes).
    Removing ht32f5xxxx_usbd.o(i.USBD_EPTEnableINT), (12 bytes).
    Removing ht32f5xxxx_usbd.o(i.USBD_EPTGetBuffer0Addr), (24 bytes).
    Removing ht32f5xxxx_usbd.o(i.USBD_EPTGetBuffer1Addr), (36 bytes).
    Removing ht32f5xxxx_usbd.o(i.USBD_EPTGetBufferLen), (14 bytes).
    Removing ht32f5xxxx_usbd.o(i.USBD_EPTGetHalt), (24 bytes).
    Removing ht32f5xxxx_usbd.o(i.USBD_EPTGetINT), (14 bytes).
    Removing ht32f5xxxx_usbd.o(i.USBD_EPTGetTransferCount), (18 bytes).
    Removing ht32f5xxxx_usbd.o(i.USBD_EPTInit), (36 bytes).
    Removing ht32f5xxxx_usbd.o(i.USBD_EPTReadMemory), (56 bytes).
    Removing ht32f5xxxx_usbd.o(i.USBD_EPTReadOUTData), (48 bytes).
    Removing ht32f5xxxx_usbd.o(i.USBD_EPTReset), (16 bytes).
    Removing ht32f5xxxx_usbd.o(i.USBD_EPTSendSTALL), (12 bytes).
    Removing ht32f5xxxx_usbd.o(i.USBD_EPTSetHalt), (20 bytes).
    Removing ht32f5xxxx_usbd.o(i.USBD_EPTWaitSTALLSent), (32 bytes).
    Removing ht32f5xxxx_usbd.o(i.USBD_EPTWriteINData), (68 bytes).
    Removing ht32f5xxxx_usbd.o(i.USBD_EnableINT), (16 bytes).
    Removing ht32f5xxxx_usbd.o(i.USBD_GetEPTnINTNumber), (32 bytes).
    Removing ht32f5xxxx_usbd.o(i.USBD_GetINT), (20 bytes).
    Removing ht32f5xxxx_usbd.o(i.USBD_Init), (8 bytes).
    Removing ht32f5xxxx_usbd.o(i.USBD_PowerOff), (16 bytes).
    Removing ht32f5xxxx_usbd.o(i.USBD_PowerOn), (28 bytes).
    Removing ht32f5xxxx_usbd.o(i.USBD_PowerUp), (116 bytes).
    Removing ht32f5xxxx_usbd.o(i.USBD_PreInit), (24 bytes).
    Removing ht32f5xxxx_usbd.o(i.USBD_ReadSETUPData), (16 bytes).
    Removing ht32f5xxxx_usbd.o(i.USBD_RemoteWakeup), (16 bytes).
    Removing ht32f5xxxx_usbd.o(i.USBD_SRAMResetConditionCmd), (24 bytes).
    Removing ht32f5xxxx_usbd.o(i.USBD_SetAddress), (20 bytes).
    Removing ht32f5xxxx_usbd.o(i._USBD_CopyMemory), (138 bytes).
    Removing ht32f5xxxx_usbd.o(i._USBD_GetEPTnAddr), (16 bytes).
    Removing ht32f5xxxx_usbd.o(.data), (4 bytes).
    Removing ht32f5xxxx_pdma.o(.rev16_text), (4 bytes).
    Removing ht32f5xxxx_pdma.o(.revsh_text), (4 bytes).
    Removing ht32f5xxxx_pdma.o(i.PDMA_ClearFlag), (24 bytes).
    Removing ht32f5xxxx_pdma.o(i.PDMA_Config), (44 bytes).
    Removing ht32f5xxxx_pdma.o(i.PDMA_EnaCmd), (32 bytes).
    Removing ht32f5xxxx_pdma.o(i.PDMA_GetFlagStatus), (28 bytes).
    Removing ht32f5xxxx_pdma.o(i.PDMA_IntConfig), (56 bytes).
    Removing ht32f5xxxx_pdma.o(i.PDMA_SwTrigCmd), (32 bytes).
    Removing ht32f5xxxx_pdma.o(i.PDMA_TranSizeConfig), (20 bytes).
    Removing ht32f5xxxx_cmp.o(.rev16_text), (4 bytes).
    Removing ht32f5xxxx_cmp.o(.revsh_text), (4 bytes).
    Removing ht32f5xxxx_cmp.o(i.CMP_ClearFlag), (12 bytes).
    Removing ht32f5xxxx_cmp.o(i.CMP_Cmd), (20 bytes).
    Removing ht32f5xxxx_cmp.o(i.CMP_DeInit), (18 bytes).
    Removing ht32f5xxxx_cmp.o(i.CMP_EdgeDetectConfig), (28 bytes).
    Removing ht32f5xxxx_cmp.o(i.CMP_GetFlagStatus), (10 bytes).
    Removing ht32f5xxxx_cmp.o(i.CMP_GetOutputStatus), (14 bytes).
    Removing ht32f5xxxx_cmp.o(i.CMP_Init), (46 bytes).
    Removing ht32f5xxxx_cmp.o(i.CMP_IntConfig), (16 bytes).
    Removing ht32f5xxxx_cmp.o(i.CMP_SetScalerValue), (4 bytes).
    Removing ht32f5xxxx_cmp.o(i.CMP_StructInit), (24 bytes).
    Removing ht32f5xxxx_cmp.o(i.CMP_UnprotectConfig), (12 bytes).
    Removing ht32f5xxxx_ebi.o(.rev16_text), (4 bytes).
    Removing ht32f5xxxx_ebi.o(.revsh_text), (4 bytes).
    Removing ht32f5xxxx_ebi.o(i.EBI_Cmd), (28 bytes).
    Removing ht32f5xxxx_ebi.o(i.EBI_DeInit), (16 bytes).
    Removing ht32f5xxxx_ebi.o(i.EBI_GetBusyStatus), (16 bytes).
    Removing ht32f5xxxx_ebi.o(i.EBI_Init), (140 bytes).
    Removing ht32f5xxxx_ebi.o(i.EBI_StructInit), (44 bytes).
    Removing ht32f5xxxx_i2s.o(.rev16_text), (4 bytes).
    Removing ht32f5xxxx_i2s.o(.revsh_text), (4 bytes).
    Removing ht32f5xxxx_i2s.o(i.I2S_ClearFlag), (12 bytes).
    Removing ht32f5xxxx_i2s.o(i.I2S_Cmd), (28 bytes).
    Removing ht32f5xxxx_i2s.o(i.I2S_DeInit), (18 bytes).
    Removing ht32f5xxxx_i2s.o(i.I2S_FIFOReset), (16 bytes).
    Removing ht32f5xxxx_i2s.o(i.I2S_FIFOTrigLevelConfig), (40 bytes).
    Removing ht32f5xxxx_i2s.o(i.I2S_GetFIFOStatus), (20 bytes).
    Removing ht32f5xxxx_i2s.o(i.I2S_GetFlagStatus), (20 bytes).
    Removing ht32f5xxxx_i2s.o(i.I2S_Init), (116 bytes).
    Removing ht32f5xxxx_i2s.o(i.I2S_IntConfig), (24 bytes).
    Removing ht32f5xxxx_i2s.o(i.I2S_PDMACmd), (24 bytes).
    Removing ht32f5xxxx_i2s.o(i.I2S_TxMuteCmd), (24 bytes).

540 unused section(s) (total 21275 bytes) removed from the image.

==============================================================================

Image Symbol Table

    Local Symbols

    Symbol Name                              Value     Ov Type        Size  Object(Section)

    RESET                                    0x00000000   Section      356  startup_ht32f5xxxx_01.o(RESET)
    ../clib/microlib/division.c              0x00000000   Number         0  uldiv.o ABSOLUTE
    ../clib/microlib/division.c              0x00000000   Number         0  ldiv.o ABSOLUTE
    ../clib/microlib/division.c              0x00000000   Number         0  uidiv.o ABSOLUTE
    ../clib/microlib/init/entry.s            0x00000000   Number         0  entry9b.o ABSOLUTE
    ../clib/microlib/init/entry.s            0x00000000   Number         0  entry9a.o ABSOLUTE
    ../clib/microlib/init/entry.s            0x00000000   Number         0  entry5.o ABSOLUTE
    ../clib/microlib/init/entry.s            0x00000000   Number         0  entry2.o ABSOLUTE
    ../clib/microlib/init/entry.s            0x00000000   Number         0  entry7b.o ABSOLUTE
    ../clib/microlib/init/entry.s            0x00000000   Number         0  entry7a.o ABSOLUTE
    ../clib/microlib/init/entry.s            0x00000000   Number         0  entry8b.o ABSOLUTE
    ../clib/microlib/init/entry.s            0x00000000   Number         0  entry8a.o ABSOLUTE
    ../clib/microlib/init/entry.s            0x00000000   Number         0  entry12b.o ABSOLUTE
    ../clib/microlib/init/entry.s            0x00000000   Number         0  entry12a.o ABSOLUTE
    ../clib/microlib/init/entry.s            0x00000000   Number         0  entry11b.o ABSOLUTE
    ../clib/microlib/init/entry.s            0x00000000   Number         0  entry11a.o ABSOLUTE
    ../clib/microlib/init/entry.s            0x00000000   Number         0  entry10b.o ABSOLUTE
    ../clib/microlib/init/entry.s            0x00000000   Number         0  entry10a.o ABSOLUTE
    ../clib/microlib/init/entry.s            0x00000000   Number         0  entry.o ABSOLUTE
    ../clib/microlib/longlong.c              0x00000000   Number         0  llshl.o ABSOLUTE
    ../clib/microlib/longlong.c              0x00000000   Number         0  llushr.o ABSOLUTE
    ../clib/microlib/stubs.s                 0x00000000   Number         0  useno.o ABSOLUTE
    ../clib/microlib/stubs.s                 0x00000000   Number         0  iusefp.o ABSOLUTE
    ../fplib/microlib/d2f.c                  0x00000000   Number         0  d2f.o ABSOLUTE
    ../fplib/microlib/fpdiv.c                0x00000000   Number         0  ddiv.o ABSOLUTE
    ../fplib/microlib/fpepilogue.c           0x00000000   Number         0  depilogue.o ABSOLUTE
    ../fplib/microlib/fpepilogue.c           0x00000000   Number         0  fepilogue.o ABSOLUTE
    ../fplib/microlib/fpflt.c                0x00000000   Number         0  dfltui.o ABSOLUTE
    ../fplib/microlib/fpmul.c                0x00000000   Number         0  dmul.o ABSOLUTE
    ../fplib/microlib/fpscalb.c              0x00000000   Number         0  dscalb.o ABSOLUTE
    ..\..\library\HT32F5xxxx_Driver\src\ht32_cm0plus_misc.c 0x00000000   Number         0  ht32_cm0plus_misc.o ABSOLUTE
    ..\..\library\HT32F5xxxx_Driver\src\ht32_retarget.c 0x00000000   Number         0  ht32_retarget.o ABSOLUTE
    ..\..\library\HT32F5xxxx_Driver\src\ht32_serial.c 0x00000000   Number         0  ht32_serial.o ABSOLUTE
    ..\..\library\HT32F5xxxx_Driver\src\ht32f5xxxx_adc.c 0x00000000   Number         0  ht32f5xxxx_adc.o ABSOLUTE
    ..\..\library\HT32F5xxxx_Driver\src\ht32f5xxxx_bftm.c 0x00000000   Number         0  ht32f5xxxx_bftm.o ABSOLUTE
    ..\..\library\HT32F5xxxx_Driver\src\ht32f5xxxx_ckcu.c 0x00000000   Number         0  ht32f5xxxx_ckcu.o ABSOLUTE
    ..\..\library\HT32F5xxxx_Driver\src\ht32f5xxxx_cmp.c 0x00000000   Number         0  ht32f5xxxx_cmp.o ABSOLUTE
    ..\..\library\HT32F5xxxx_Driver\src\ht32f5xxxx_crc.c 0x00000000   Number         0  ht32f5xxxx_crc.o ABSOLUTE
    ..\..\library\HT32F5xxxx_Driver\src\ht32f5xxxx_ebi.c 0x00000000   Number         0  ht32f5xxxx_ebi.o ABSOLUTE
    ..\..\library\HT32F5xxxx_Driver\src\ht32f5xxxx_exti.c 0x00000000   Number         0  ht32f5xxxx_exti.o ABSOLUTE
    ..\..\library\HT32F5xxxx_Driver\src\ht32f5xxxx_flash.c 0x00000000   Number         0  ht32f5xxxx_flash.o ABSOLUTE
    ..\..\library\HT32F5xxxx_Driver\src\ht32f5xxxx_gpio.c 0x00000000   Number         0  ht32f5xxxx_gpio.o ABSOLUTE
    ..\..\library\HT32F5xxxx_Driver\src\ht32f5xxxx_i2c.c 0x00000000   Number         0  ht32f5xxxx_i2c.o ABSOLUTE
    ..\..\library\HT32F5xxxx_Driver\src\ht32f5xxxx_i2s.c 0x00000000   Number         0  ht32f5xxxx_i2s.o ABSOLUTE
    ..\..\library\HT32F5xxxx_Driver\src\ht32f5xxxx_mctm.c 0x00000000   Number         0  ht32f5xxxx_mctm.o ABSOLUTE
    ..\..\library\HT32F5xxxx_Driver\src\ht32f5xxxx_pdma.c 0x00000000   Number         0  ht32f5xxxx_pdma.o ABSOLUTE
    ..\..\library\HT32F5xxxx_Driver\src\ht32f5xxxx_pwrcu.c 0x00000000   Number         0  ht32f5xxxx_pwrcu.o ABSOLUTE
    ..\..\library\HT32F5xxxx_Driver\src\ht32f5xxxx_rstcu.c 0x00000000   Number         0  ht32f5xxxx_rstcu.o ABSOLUTE
    ..\..\library\HT32F5xxxx_Driver\src\ht32f5xxxx_rtc.c 0x00000000   Number         0  ht32f5xxxx_rtc.o ABSOLUTE
    ..\..\library\HT32F5xxxx_Driver\src\ht32f5xxxx_sci.c 0x00000000   Number         0  ht32f5xxxx_sci.o ABSOLUTE
    ..\..\library\HT32F5xxxx_Driver\src\ht32f5xxxx_spi.c 0x00000000   Number         0  ht32f5xxxx_spi.o ABSOLUTE
    ..\..\library\HT32F5xxxx_Driver\src\ht32f5xxxx_tm.c 0x00000000   Number         0  ht32f5xxxx_tm.o ABSOLUTE
    ..\..\library\HT32F5xxxx_Driver\src\ht32f5xxxx_usart.c 0x00000000   Number         0  ht32f5xxxx_usart.o ABSOLUTE
    ..\..\library\HT32F5xxxx_Driver\src\ht32f5xxxx_usbd.c 0x00000000   Number         0  ht32f5xxxx_usbd.o ABSOLUTE
    ..\..\library\HT32F5xxxx_Driver\src\ht32f5xxxx_wdt.c 0x00000000   Number         0  ht32f5xxxx_wdt.o ABSOLUTE
    ..\..\utilities\common\ebi_lcd.c         0x00000000   Number         0  ebi_lcd.o ABSOLUTE
    ..\..\utilities\common\i2c_eeprom.c      0x00000000   Number         0  i2c_eeprom.o ABSOLUTE
    ..\..\utilities\common\spi_flash.c       0x00000000   Number         0  spi_flash.o ABSOLUTE
    ..\..\utilities\ht32_board.c             0x00000000   Number         0  ht32_board.o ABSOLUTE
    ..\ADC.c                                 0x00000000   Number         0  adc.o ABSOLUTE
    ..\BFTM0.c                               0x00000000   Number         0  bftm0.o ABSOLUTE
    ..\GPIO.c                                0x00000000   Number         0  gpio.o ABSOLUTE
    ..\GPTM0.c                               0x00000000   Number         0  gptm0.o ABSOLUTE
    ..\I2C.c                                 0x00000000   Number         0  i2c.o ABSOLUTE
    ..\LED.c                                 0x00000000   Number         0  led.o ABSOLUTE
    ..\UART0.c                               0x00000000   Number         0  uart0.o ABSOLUTE
    ..\UART1.c                               0x00000000   Number         0  uart1.o ABSOLUTE
    ..\\..\\library\\HT32F5xxxx_Driver\\src\\ht32_cm0plus_misc.c 0x00000000   Number         0  ht32_cm0plus_misc.o ABSOLUTE
    ..\\..\\library\\HT32F5xxxx_Driver\\src\\ht32_retarget.c 0x00000000   Number         0  ht32_retarget.o ABSOLUTE
    ..\\..\\library\\HT32F5xxxx_Driver\\src\\ht32_serial.c 0x00000000   Number         0  ht32_serial.o ABSOLUTE
    ..\\..\\library\\HT32F5xxxx_Driver\\src\\ht32f5xxxx_adc.c 0x00000000   Number         0  ht32f5xxxx_adc.o ABSOLUTE
    ..\\..\\library\\HT32F5xxxx_Driver\\src\\ht32f5xxxx_bftm.c 0x00000000   Number         0  ht32f5xxxx_bftm.o ABSOLUTE
    ..\\..\\library\\HT32F5xxxx_Driver\\src\\ht32f5xxxx_ckcu.c 0x00000000   Number         0  ht32f5xxxx_ckcu.o ABSOLUTE
    ..\\..\\library\\HT32F5xxxx_Driver\\src\\ht32f5xxxx_cmp.c 0x00000000   Number         0  ht32f5xxxx_cmp.o ABSOLUTE
    ..\\..\\library\\HT32F5xxxx_Driver\\src\\ht32f5xxxx_crc.c 0x00000000   Number         0  ht32f5xxxx_crc.o ABSOLUTE
    ..\\..\\library\\HT32F5xxxx_Driver\\src\\ht32f5xxxx_ebi.c 0x00000000   Number         0  ht32f5xxxx_ebi.o ABSOLUTE
    ..\\..\\library\\HT32F5xxxx_Driver\\src\\ht32f5xxxx_exti.c 0x00000000   Number         0  ht32f5xxxx_exti.o ABSOLUTE
    ..\\..\\library\\HT32F5xxxx_Driver\\src\\ht32f5xxxx_flash.c 0x00000000   Number         0  ht32f5xxxx_flash.o ABSOLUTE
    ..\\..\\library\\HT32F5xxxx_Driver\\src\\ht32f5xxxx_gpio.c 0x00000000   Number         0  ht32f5xxxx_gpio.o ABSOLUTE
    ..\\..\\library\\HT32F5xxxx_Driver\\src\\ht32f5xxxx_i2c.c 0x00000000   Number         0  ht32f5xxxx_i2c.o ABSOLUTE
    ..\\..\\library\\HT32F5xxxx_Driver\\src\\ht32f5xxxx_i2s.c 0x00000000   Number         0  ht32f5xxxx_i2s.o ABSOLUTE
    ..\\..\\library\\HT32F5xxxx_Driver\\src\\ht32f5xxxx_mctm.c 0x00000000   Number         0  ht32f5xxxx_mctm.o ABSOLUTE
    ..\\..\\library\\HT32F5xxxx_Driver\\src\\ht32f5xxxx_pdma.c 0x00000000   Number         0  ht32f5xxxx_pdma.o ABSOLUTE
    ..\\..\\library\\HT32F5xxxx_Driver\\src\\ht32f5xxxx_pwrcu.c 0x00000000   Number         0  ht32f5xxxx_pwrcu.o ABSOLUTE
    ..\\..\\library\\HT32F5xxxx_Driver\\src\\ht32f5xxxx_rstcu.c 0x00000000   Number         0  ht32f5xxxx_rstcu.o ABSOLUTE
    ..\\..\\library\\HT32F5xxxx_Driver\\src\\ht32f5xxxx_rtc.c 0x00000000   Number         0  ht32f5xxxx_rtc.o ABSOLUTE
    ..\\..\\library\\HT32F5xxxx_Driver\\src\\ht32f5xxxx_sci.c 0x00000000   Number         0  ht32f5xxxx_sci.o ABSOLUTE
    ..\\..\\library\\HT32F5xxxx_Driver\\src\\ht32f5xxxx_spi.c 0x00000000   Number         0  ht32f5xxxx_spi.o ABSOLUTE
    ..\\..\\library\\HT32F5xxxx_Driver\\src\\ht32f5xxxx_tm.c 0x00000000   Number         0  ht32f5xxxx_tm.o ABSOLUTE
    ..\\..\\library\\HT32F5xxxx_Driver\\src\\ht32f5xxxx_usart.c 0x00000000   Number         0  ht32f5xxxx_usart.o ABSOLUTE
    ..\\..\\library\\HT32F5xxxx_Driver\\src\\ht32f5xxxx_usbd.c 0x00000000   Number         0  ht32f5xxxx_usbd.o ABSOLUTE
    ..\\..\\library\\HT32F5xxxx_Driver\\src\\ht32f5xxxx_wdt.c 0x00000000   Number         0  ht32f5xxxx_wdt.o ABSOLUTE
    ..\\..\\utilities\\common\\ebi_lcd.c     0x00000000   Number         0  ebi_lcd.o ABSOLUTE
    ..\\..\\utilities\\common\\i2c_eeprom.c  0x00000000   Number         0  i2c_eeprom.o ABSOLUTE
    ..\\..\\utilities\\common\\spi_flash.c   0x00000000   Number         0  spi_flash.o ABSOLUTE
    ..\\..\\utilities\\ht32_board.c          0x00000000   Number         0  ht32_board.o ABSOLUTE
    ..\\ADC.c                                0x00000000   Number         0  adc.o ABSOLUTE
    ..\\BFTM0.c                              0x00000000   Number         0  bftm0.o ABSOLUTE
    ..\\GPIO.c                               0x00000000   Number         0  gpio.o ABSOLUTE
    ..\\GPTM0.c                              0x00000000   Number         0  gptm0.o ABSOLUTE
    ..\\I2C.c                                0x00000000   Number         0  i2c.o ABSOLUTE
    ..\\LED.c                                0x00000000   Number         0  led.o ABSOLUTE
    ..\\UART0.c                              0x00000000   Number         0  uart0.o ABSOLUTE
    ..\\UART1.c                              0x00000000   Number         0  uart1.o ABSOLUTE
    ..\\ht32f5xxxx_01_it.c                   0x00000000   Number         0  ht32f5xxxx_01_it.o ABSOLUTE
    ..\\main.c                               0x00000000   Number         0  main.o ABSOLUTE
    ..\\system_ht32f5xxxx_01.c               0x00000000   Number         0  system_ht32f5xxxx_01.o ABSOLUTE
    ..\ht32f5xxxx_01_it.c                    0x00000000   Number         0  ht32f5xxxx_01_it.o ABSOLUTE
    ..\main.c                                0x00000000   Number         0  main.o ABSOLUTE
    ..\system_ht32f5xxxx_01.c                0x00000000   Number         0  system_ht32f5xxxx_01.o ABSOLUTE
    dc.s                                     0x00000000   Number         0  dc.o ABSOLUTE
    handlers.s                               0x00000000   Number         0  handlers.o ABSOLUTE
    ht32_op.s                                0x00000000   Number         0  ht32_op.o ABSOLUTE
    init.s                                   0x00000000   Number         0  init.o ABSOLUTE
    startup_ht32f5xxxx_01.s                  0x00000000   Number         0  startup_ht32f5xxxx_01.o ABSOLUTE
    BootProcess                              0x000000cd   Thumb Code    94  startup_ht32f5xxxx_01.o(RESET)
    .ARM.Collect$$$$00000000                 0x00000164   Section        0  entry.o(.ARM.Collect$$$$00000000)
    .ARM.Collect$$$$00000001                 0x00000164   Section        4  entry2.o(.ARM.Collect$$$$00000001)
    .ARM.Collect$$$$00000004                 0x00000168   Section        4  entry5.o(.ARM.Collect$$$$00000004)
    .ARM.Collect$$$$00000008                 0x0000016c   Section        0  entry7b.o(.ARM.Collect$$$$00000008)
    .ARM.Collect$$$$0000000A                 0x0000016c   Section        0  entry8b.o(.ARM.Collect$$$$0000000A)
    .ARM.Collect$$$$0000000B                 0x0000016c   Section        8  entry9a.o(.ARM.Collect$$$$0000000B)
    .ARM.Collect$$$$0000000E                 0x00000174   Section        4  entry12b.o(.ARM.Collect$$$$0000000E)
    .ARM.Collect$$$$0000000F                 0x00000178   Section        0  entry10a.o(.ARM.Collect$$$$0000000F)
    .ARM.Collect$$$$00000011                 0x00000178   Section        0  entry11a.o(.ARM.Collect$$$$00000011)
    .ARM.Collect$$$$00002712                 0x00000178   Section        4  entry2.o(.ARM.Collect$$$$00002712)
    __lit__00000000                          0x00000178   Data           4  entry2.o(.ARM.Collect$$$$00002712)
    .text                                    0x0000017c   Section        0  uidiv.o(.text)
    .text                                    0x000001a8   Section        0  ldiv.o(.text)
    .text                                    0x000001f4   Section        0  dmul.o(.text)
    .text                                    0x000002c4   Section        0  ddiv.o(.text)
    .text                                    0x000003b4   Section        0  dscalb.o(.text)
    .text                                    0x000003e0   Section        0  dfltui.o(.text)
    .text                                    0x000003fc   Section        0  d2f.o(.text)
    .text                                    0x00000434   Section        0  uldiv.o(.text)
    .text                                    0x00000494   Section        0  fepilogue.o(.text)
    .text                                    0x00000494   Section        0  iusefp.o(.text)
    .text                                    0x00000516   Section        0  depilogue.o(.text)
    .text                                    0x000005d4   Section       36  init.o(.text)
    .text                                    0x000005f8   Section        0  llshl.o(.text)
    .text                                    0x00000618   Section        0  llushr.o(.text)
    i.ADC_ClearIntPendingBit                 0x0000063a   Section        0  ht32f5xxxx_adc.o(i.ADC_ClearIntPendingBit)
    i.ADC_Cmd                                0x00000640   Section        0  ht32f5xxxx_adc.o(i.ADC_Cmd)
    i.ADC_Configuration                      0x00000654   Section        0  adc.o(i.ADC_Configuration)
    i.ADC_GetConversionData                  0x000006d8   Section        0  ht32f5xxxx_adc.o(i.ADC_GetConversionData)
    i.ADC_GetFlagStatus                      0x000006e2   Section        0  ht32f5xxxx_adc.o(i.ADC_GetFlagStatus)
    i.ADC_IRQHandler                         0x000006f0   Section        0  adc.o(i.ADC_IRQHandler)
    i.ADC_IntConfig                          0x00000700   Section        0  ht32f5xxxx_adc.o(i.ADC_IntConfig)
    i.ADC_RegularChannelConfig               0x00000712   Section        0  ht32f5xxxx_adc.o(i.ADC_RegularChannelConfig)
    i.ADC_RegularGroupConfig                 0x0000072e   Section        0  ht32f5xxxx_adc.o(i.ADC_RegularGroupConfig)
    i.ADC_RegularTrigConfig                  0x00000748   Section        0  ht32f5xxxx_adc.o(i.ADC_RegularTrigConfig)
    i.ADC_SamplingTimeConfig                 0x00000756   Section        0  ht32f5xxxx_adc.o(i.ADC_SamplingTimeConfig)
    i.ADC_SoftwareStartConvCmd               0x0000075a   Section        0  ht32f5xxxx_adc.o(i.ADC_SoftwareStartConvCmd)
    i.AFIO_GPxConfig                         0x00000770   Section        0  ht32f5xxxx_gpio.o(i.AFIO_GPxConfig)
    i.BFTM0_Configuration                    0x000007c8   Section        0  bftm0.o(i.BFTM0_Configuration)
    i.BFTM0_IRQHandler                       0x00000824   Section        0  bftm0.o(i.BFTM0_IRQHandler)
    i.BFTM_ClearFlag                         0x00000840   Section        0  ht32f5xxxx_bftm.o(i.BFTM_ClearFlag)
    i.BFTM_EnaCmd                            0x0000084e   Section        0  ht32f5xxxx_bftm.o(i.BFTM_EnaCmd)
    i.BFTM_IntConfig                         0x00000860   Section        0  ht32f5xxxx_bftm.o(i.BFTM_IntConfig)
    i.BFTM_SetCompare                        0x00000874   Section        0  ht32f5xxxx_bftm.o(i.BFTM_SetCompare)
    i.BFTM_SetCounter                        0x00000878   Section        0  ht32f5xxxx_bftm.o(i.BFTM_SetCounter)
    i.CKCU_GetClocksFrequency                0x0000087c   Section        0  ht32f5xxxx_ckcu.o(i.CKCU_GetClocksFrequency)
    i.CKCU_GetPLLFrequency                   0x000008e8   Section        0  ht32f5xxxx_ckcu.o(i.CKCU_GetPLLFrequency)
    i.CKCU_GetPeripFrequency                 0x00000924   Section        0  ht32f5xxxx_ckcu.o(i.CKCU_GetPeripFrequency)
    i.CKCU_PeripClockConfig                  0x00000958   Section        0  ht32f5xxxx_ckcu.o(i.CKCU_PeripClockConfig)
    i.CKCU_SetADCnPrescaler                  0x00000980   Section        0  ht32f5xxxx_ckcu.o(i.CKCU_SetADCnPrescaler)
    i.GPIO_ClearOutBits                      0x00000998   Section        0  ht32f5xxxx_gpio.o(i.GPIO_ClearOutBits)
    i.GPIO_Configuration                     0x0000099c   Section        0  gpio.o(i.GPIO_Configuration)
    i.GPIO_DirectionConfig                   0x00000b30   Section        0  ht32f5xxxx_gpio.o(i.GPIO_DirectionConfig)
    i.GPIO_InputConfig                       0x00000b40   Section        0  ht32f5xxxx_gpio.o(i.GPIO_InputConfig)
    i.GPIO_PullResistorConfig                0x00000b50   Section        0  ht32f5xxxx_gpio.o(i.GPIO_PullResistorConfig)
    i.GPIO_ReadInBit                         0x00000b7a   Section        0  ht32f5xxxx_gpio.o(i.GPIO_ReadInBit)
    i.GPIO_SetOutBits                        0x00000b84   Section        0  ht32f5xxxx_gpio.o(i.GPIO_SetOutBits)
    i.GPTM0_Configuration                    0x00000b88   Section        0  gptm0.o(i.GPTM0_Configuration)
    i.GPTM0_IRQHandler                       0x00000c1c   Section        0  gptm0.o(i.GPTM0_IRQHandler)
    i.Get_Voltage                            0x00000c44   Section        0  adc.o(i.Get_Voltage)
    i.HardFault_Handler                      0x00000ca8   Section        0  ht32f5xxxx_01_it.o(i.HardFault_Handler)
    i.Init                                   0x00000cac   Section        0  main.o(i.Init)
    i.NMI_Handler                            0x00000d38   Section        0  ht32f5xxxx_01_it.o(i.NMI_Handler)
    i.NVIC_DisableIRQ                        0x00000d3c   Section        0  uart0.o(i.NVIC_DisableIRQ)
    NVIC_DisableIRQ                          0x00000d3d   Thumb Code    14  uart0.o(i.NVIC_DisableIRQ)
    i.NVIC_EnableIRQ                         0x00000d50   Section        0  uart0.o(i.NVIC_EnableIRQ)
    NVIC_EnableIRQ                           0x00000d51   Thumb Code    14  uart0.o(i.NVIC_EnableIRQ)
    i.PendSV_Handler                         0x00000d64   Section        0  ht32f5xxxx_01_it.o(i.PendSV_Handler)
    i.SVC_Handler                            0x00000d66   Section        0  ht32f5xxxx_01_it.o(i.SVC_Handler)
    i.SystemInit                             0x00000d68   Section        0  system_ht32f5xxxx_01.o(i.SystemInit)
    i.TM_ClearFlag                           0x00000e64   Section        0  ht32f5xxxx_tm.o(i.TM_ClearFlag)
    i.TM_Cmd                                 0x00000e6e   Section        0  ht32f5xxxx_tm.o(i.TM_Cmd)
    i.TM_IntConfig                           0x00000e82   Section        0  ht32f5xxxx_tm.o(i.TM_IntConfig)
    i.TM_TimeBaseInit                        0x00000e94   Section        0  ht32f5xxxx_tm.o(i.TM_TimeBaseInit)
    i.UART0_Configuration                    0x00000ed4   Section        0  uart0.o(i.UART0_Configuration)
    i.UART0_IRQHandler                       0x00000f44   Section        0  uart0.o(i.UART0_IRQHandler)
    i.UART0_init_buffer                      0x00001030   Section        0  uart0.o(i.UART0_init_buffer)
    i.UART0_tx_data                          0x0000104c   Section        0  uart0.o(i.UART0_tx_data)
    i.UART1_Configuration                    0x000010a0   Section        0  uart1.o(i.UART1_Configuration)
    i.UART1_IRQHandler                       0x0000110c   Section        0  uart1.o(i.UART1_IRQHandler)
    i.UART1_init_buffer                      0x00001188   Section        0  uart1.o(i.UART1_init_buffer)
    i.UART1_tx_data                          0x000011a4   Section        0  uart1.o(i.UART1_tx_data)
    i.USART_GetFlagStatus                    0x000011fc   Section        0  ht32f5xxxx_usart.o(i.USART_GetFlagStatus)
    i.USART_Init                             0x00001208   Section        0  ht32f5xxxx_usart.o(i.USART_Init)
    i.USART_IntConfig                        0x0000128c   Section        0  ht32f5xxxx_usart.o(i.USART_IntConfig)
    i.USART_ReceiveData                      0x0000129c   Section        0  ht32f5xxxx_usart.o(i.USART_ReceiveData)
    i.USART_SendData                         0x000012a2   Section        0  ht32f5xxxx_usart.o(i.USART_SendData)
    i.USART_TxRxCmd                          0x000012a6   Section        0  ht32f5xxxx_usart.o(i.USART_TxRxCmd)
    i.__ARM_clz                              0x000012ba   Section        0  depilogue.o(i.__ARM_clz)
    i.__ARM_common_switch8                   0x000012e8   Section        0  ht32f5xxxx_ckcu.o(i.__ARM_common_switch8)
    i.__scatterload_copy                     0x00001302   Section       14  handlers.o(i.__scatterload_copy)
    i.__scatterload_null                     0x00001310   Section        2  handlers.o(i.__scatterload_null)
    i.__scatterload_zeroinit                 0x00001312   Section       14  handlers.o(i.__scatterload_zeroinit)
    i.battery_indicator                      0x00001320   Section        0  main.o(i.battery_indicator)
    i.bttery_level                           0x00001370   Section        0  led.o(i.bttery_level)
    i.click_button                           0x000013f8   Section        0  main.o(i.click_button)
    i.delay_us                               0x000014e0   Section        0  main.o(i.delay_us)
    delay_us                                 0x000014e1   Thumb Code    18  main.o(i.delay_us)
    i.delayy                                 0x000014f2   Section        0  i2c.o(i.delayy)
    i.detect_complete                        0x00001504   Section        0  main.o(i.detect_complete)
    i.led_init                               0x00001580   Section        0  led.o(i.led_init)
    i.main                                   0x00001600   Section        0  main.o(i.main)
    i.memread                                0x00001670   Section        0  i2c.o(i.memread)
    i.receive_bit                            0x000016bc   Section        0  i2c.o(i.receive_bit)
    i.rx_byte                                0x0000177c   Section        0  i2c.o(i.rx_byte)
    i.send_bit                               0x000017ac   Section        0  i2c.o(i.send_bit)
    i.start_bit                              0x00001838   Section        0  i2c.o(i.start_bit)
    i.stop_bit                               0x000018c8   Section        0  i2c.o(i.stop_bit)
    i.temperature_RGB_UART                   0x00001938   Section        0  main.o(i.temperature_RGB_UART)
    i.temperature_measurement                0x000019f8   Section        0  i2c.o(i.temperature_measurement)
    i.tx_byte                                0x00001a10   Section        0  i2c.o(i.tx_byte)
    .data                                    0x20000000   Section       32  main.o(.data)
    .data                                    0x20000020   Section        4  bftm0.o(.data)
    .data                                    0x20000024   Section        5  uart0.o(.data)
    .data                                    0x2000002c   Section        4  gptm0.o(.data)
    .data                                    0x20000030   Section        5  i2c.o(.data)
    .data                                    0x20000038   Section        4  system_ht32f5xxxx_01.o(.data)
    .bss                                     0x2000003c   Section      526  uart0.o(.bss)
    .bss                                     0x2000024c   Section      526  uart1.o(.bss)
    STACK                                    0x20000460   Section     1024  startup_ht32f5xxxx_01.o(STACK)

    Global Symbols

    Symbol Name                              Value     Ov Type        Size  Object(Section)

    BuildAttributes$$THM_ISAv3M$S$PE$A:L22$X:L11$S22$IEEE1$IW$USESV6$~STKCKD$USESV7$~SHL$OTIME$ROPI$EBA8$MICROLIB$REQ8$PRES8$EABIv2 0x00000000   Number         0  anon$$obj.o ABSOLUTE
    __ARM_use_no_argv                        0x00000000   Number         0  main.o ABSOLUTE
    __Vectors                                0x00000000   Data           0  startup_ht32f5xxxx_01.o(RESET)
    __use_no_errno                           0x00000000   Number         0  useno.o ABSOLUTE
    __use_no_exception_handling              0x00000000   Number         0  useno.o ABSOLUTE
    __use_no_fp                              0x00000000   Number         0  useno.o ABSOLUTE
    __use_no_heap                            0x00000000   Number         0  useno.o ABSOLUTE
    __use_no_heap_region                     0x00000000   Number         0  useno.o ABSOLUTE
    __use_no_semihosting                     0x00000000   Number         0  useno.o ABSOLUTE
    __use_no_semihosting_swi                 0x00000000   Number         0  useno.o ABSOLUTE
    __use_no_signal_handling                 0x00000000   Number         0  useno.o ABSOLUTE
    __arm_fini_                               - Undefined Weak Reference
    __cpp_initialize__aeabi_                  - Undefined Weak Reference
    __cxa_finalize                            - Undefined Weak Reference
    __decompress                              - Undefined Weak Reference
    _clock_init                               - Undefined Weak Reference
    _microlib_exit                            - Undefined Weak Reference
    Reset_Handler                            0x000000c1   Thumb Code    12  startup_ht32f5xxxx_01.o(RESET)
    SysTick_Handler                          0x00000133   Thumb Code     2  startup_ht32f5xxxx_01.o(RESET)
    AES_IRQHandler                           0x00000135   Thumb Code     0  startup_ht32f5xxxx_01.o(RESET)
    BFTM1_IRQHandler                         0x00000135   Thumb Code     0  startup_ht32f5xxxx_01.o(RESET)
    COMP_IRQHandler                          0x00000135   Thumb Code     0  startup_ht32f5xxxx_01.o(RESET)
    EVWUP_IRQHandler                         0x00000135   Thumb Code     0  startup_ht32f5xxxx_01.o(RESET)
    EXTI0_1_IRQHandler                       0x00000135   Thumb Code     0  startup_ht32f5xxxx_01.o(RESET)
    EXTI2_3_IRQHandler                       0x00000135   Thumb Code     0  startup_ht32f5xxxx_01.o(RESET)
    EXTI4_15_IRQHandler                      0x00000135   Thumb Code     0  startup_ht32f5xxxx_01.o(RESET)
    FLASH_IRQHandler                         0x00000135   Thumb Code     0  startup_ht32f5xxxx_01.o(RESET)
    GPTM1_IRQHandler                         0x00000135   Thumb Code     0  startup_ht32f5xxxx_01.o(RESET)
    I2C0_IRQHandler                          0x00000135   Thumb Code     0  startup_ht32f5xxxx_01.o(RESET)
    I2C1_IRQHandler                          0x00000135   Thumb Code     0  startup_ht32f5xxxx_01.o(RESET)
    I2C2_IRQHandler                          0x00000135   Thumb Code     0  startup_ht32f5xxxx_01.o(RESET)
    I2S_IRQHandler                           0x00000135   Thumb Code     0  startup_ht32f5xxxx_01.o(RESET)
    LVD_BOD_IRQHandler                       0x00000135   Thumb Code     0  startup_ht32f5xxxx_01.o(RESET)
    MCTM0_IRQHandler                         0x00000135   Thumb Code     0  startup_ht32f5xxxx_01.o(RESET)
    MIDI_IRQHandler                          0x00000135   Thumb Code     0  startup_ht32f5xxxx_01.o(RESET)
    PDMA_CH0_1_IRQHandler                    0x00000135   Thumb Code     0  startup_ht32f5xxxx_01.o(RESET)
    PDMA_CH2_5_IRQHandler                    0x00000135   Thumb Code     0  startup_ht32f5xxxx_01.o(RESET)
    PWM0_IRQHandler                          0x00000135   Thumb Code     0  startup_ht32f5xxxx_01.o(RESET)
    PWM1_IRQHandler                          0x00000135   Thumb Code     0  startup_ht32f5xxxx_01.o(RESET)
    QSPI_IRQHandler                          0x00000135   Thumb Code     0  startup_ht32f5xxxx_01.o(RESET)
    RTC_IRQHandler                           0x00000135   Thumb Code     0  startup_ht32f5xxxx_01.o(RESET)
    SCI_IRQHandler                           0x00000135   Thumb Code     0  startup_ht32f5xxxx_01.o(RESET)
    SCTM0_IRQHandler                         0x00000135   Thumb Code     0  startup_ht32f5xxxx_01.o(RESET)
    SCTM1_IRQHandler                         0x00000135   Thumb Code     0  startup_ht32f5xxxx_01.o(RESET)
    SCTM2_IRQHandler                         0x00000135   Thumb Code     0  startup_ht32f5xxxx_01.o(RESET)
    SCTM3_IRQHandler                         0x00000135   Thumb Code     0  startup_ht32f5xxxx_01.o(RESET)
    SPI0_IRQHandler                          0x00000135   Thumb Code     0  startup_ht32f5xxxx_01.o(RESET)
    SPI1_IRQHandler                          0x00000135   Thumb Code     0  startup_ht32f5xxxx_01.o(RESET)
    UART2_IRQHandler                         0x00000135   Thumb Code     0  startup_ht32f5xxxx_01.o(RESET)
    UART3_IRQHandler                         0x00000135   Thumb Code     0  startup_ht32f5xxxx_01.o(RESET)
    USART0_IRQHandler                        0x00000135   Thumb Code     0  startup_ht32f5xxxx_01.o(RESET)
    USART1_IRQHandler                        0x00000135   Thumb Code     0  startup_ht32f5xxxx_01.o(RESET)
    USB_IRQHandler                           0x00000135   Thumb Code     0  startup_ht32f5xxxx_01.o(RESET)
    __main                                   0x00000165   Thumb Code     0  entry.o(.ARM.Collect$$$$00000000)
    _main_stk                                0x00000165   Thumb Code     0  entry2.o(.ARM.Collect$$$$00000001)
    _main_scatterload                        0x00000169   Thumb Code     0  entry5.o(.ARM.Collect$$$$00000004)
    __main_after_scatterload                 0x0000016d   Thumb Code     0  entry5.o(.ARM.Collect$$$$00000004)
    _main_clock                              0x0000016d   Thumb Code     0  entry7b.o(.ARM.Collect$$$$00000008)
    _main_cpp_init                           0x0000016d   Thumb Code     0  entry8b.o(.ARM.Collect$$$$0000000A)
    _main_init                               0x0000016d   Thumb Code     0  entry9a.o(.ARM.Collect$$$$0000000B)
    __rt_lib_shutdown_fini                   0x00000175   Thumb Code     0  entry12b.o(.ARM.Collect$$$$0000000E)
    __rt_final_cpp                           0x00000179   Thumb Code     0  entry10a.o(.ARM.Collect$$$$0000000F)
    __rt_final_exit                          0x00000179   Thumb Code     0  entry11a.o(.ARM.Collect$$$$00000011)
    __aeabi_uidiv                            0x0000017d   Thumb Code     0  uidiv.o(.text)
    __aeabi_uidivmod                         0x0000017d   Thumb Code    44  uidiv.o(.text)
    __aeabi_ldivmod                          0x000001a9   Thumb Code    76  ldiv.o(.text)
    __aeabi_dmul                             0x000001f5   Thumb Code   202  dmul.o(.text)
    __aeabi_ddiv                             0x000002c5   Thumb Code   234  ddiv.o(.text)
    __ARM_scalbn                             0x000003b5   Thumb Code    44  dscalb.o(.text)
    scalbn                                   0x000003b5   Thumb Code     0  dscalb.o(.text)
    __aeabi_ui2d                             0x000003e1   Thumb Code    24  dfltui.o(.text)
    __aeabi_d2f                              0x000003fd   Thumb Code    56  d2f.o(.text)
    __aeabi_uldivmod                         0x00000435   Thumb Code    96  uldiv.o(.text)
    __I$use$fp                               0x00000495   Thumb Code     0  iusefp.o(.text)
    _float_round                             0x00000495   Thumb Code    16  fepilogue.o(.text)
    _float_epilogue                          0x000004a5   Thumb Code   114  fepilogue.o(.text)
    _double_round                            0x00000517   Thumb Code    26  depilogue.o(.text)
    _double_epilogue                         0x00000531   Thumb Code   164  depilogue.o(.text)
    __scatterload                            0x000005d5   Thumb Code    28  init.o(.text)
    __scatterload_rt2                        0x000005d5   Thumb Code     0  init.o(.text)
    __aeabi_llsl                             0x000005f9   Thumb Code    32  llshl.o(.text)
    _ll_shift_l                              0x000005f9   Thumb Code     0  llshl.o(.text)
    __aeabi_llsr                             0x00000619   Thumb Code    34  llushr.o(.text)
    _ll_ushift_r                             0x00000619   Thumb Code     0  llushr.o(.text)
    ADC_ClearIntPendingBit                   0x0000063b   Thumb Code     6  ht32f5xxxx_adc.o(i.ADC_ClearIntPendingBit)
    ADC_Cmd                                  0x00000641   Thumb Code    18  ht32f5xxxx_adc.o(i.ADC_Cmd)
    ADC_Configuration                        0x00000655   Thumb Code   120  adc.o(i.ADC_Configuration)
    ADC_GetConversionData                    0x000006d9   Thumb Code    10  ht32f5xxxx_adc.o(i.ADC_GetConversionData)
    ADC_GetFlagStatus                        0x000006e3   Thumb Code    12  ht32f5xxxx_adc.o(i.ADC_GetFlagStatus)
    ADC_IRQHandler                           0x000006f1   Thumb Code    12  adc.o(i.ADC_IRQHandler)
    ADC_IntConfig                            0x00000701   Thumb Code    18  ht32f5xxxx_adc.o(i.ADC_IntConfig)
    ADC_RegularChannelConfig                 0x00000713   Thumb Code    28  ht32f5xxxx_adc.o(i.ADC_RegularChannelConfig)
    ADC_RegularGroupConfig                   0x0000072f   Thumb Code    26  ht32f5xxxx_adc.o(i.ADC_RegularGroupConfig)
    ADC_RegularTrigConfig                    0x00000749   Thumb Code    14  ht32f5xxxx_adc.o(i.ADC_RegularTrigConfig)
    ADC_SamplingTimeConfig                   0x00000757   Thumb Code     4  ht32f5xxxx_adc.o(i.ADC_SamplingTimeConfig)
    ADC_SoftwareStartConvCmd                 0x0000075b   Thumb Code    20  ht32f5xxxx_adc.o(i.ADC_SoftwareStartConvCmd)
    AFIO_GPxConfig                           0x00000771   Thumb Code    82  ht32f5xxxx_gpio.o(i.AFIO_GPxConfig)
    BFTM0_Configuration                      0x000007c9   Thumb Code    78  bftm0.o(i.BFTM0_Configuration)
    BFTM0_IRQHandler                         0x00000825   Thumb Code    18  bftm0.o(i.BFTM0_IRQHandler)
    BFTM_ClearFlag                           0x00000841   Thumb Code    14  ht32f5xxxx_bftm.o(i.BFTM_ClearFlag)
    BFTM_EnaCmd                              0x0000084f   Thumb Code    18  ht32f5xxxx_bftm.o(i.BFTM_EnaCmd)
    BFTM_IntConfig                           0x00000861   Thumb Code    20  ht32f5xxxx_bftm.o(i.BFTM_IntConfig)
    BFTM_SetCompare                          0x00000875   Thumb Code     4  ht32f5xxxx_bftm.o(i.BFTM_SetCompare)
    BFTM_SetCounter                          0x00000879   Thumb Code     4  ht32f5xxxx_bftm.o(i.BFTM_SetCounter)
    CKCU_GetClocksFrequency                  0x0000087d   Thumb Code    98  ht32f5xxxx_ckcu.o(i.CKCU_GetClocksFrequency)
    CKCU_GetPLLFrequency                     0x000008e9   Thumb Code    50  ht32f5xxxx_ckcu.o(i.CKCU_GetPLLFrequency)
    CKCU_GetPeripFrequency                   0x00000925   Thumb Code    48  ht32f5xxxx_ckcu.o(i.CKCU_GetPeripFrequency)
    CKCU_PeripClockConfig                    0x00000959   Thumb Code    34  ht32f5xxxx_ckcu.o(i.CKCU_PeripClockConfig)
    CKCU_SetADCnPrescaler                    0x00000981   Thumb Code    20  ht32f5xxxx_ckcu.o(i.CKCU_SetADCnPrescaler)
    GPIO_ClearOutBits                        0x00000999   Thumb Code     4  ht32f5xxxx_gpio.o(i.GPIO_ClearOutBits)
    GPIO_Configuration                       0x0000099d   Thumb Code   392  gpio.o(i.GPIO_Configuration)
    GPIO_DirectionConfig                     0x00000b31   Thumb Code    16  ht32f5xxxx_gpio.o(i.GPIO_DirectionConfig)
    GPIO_InputConfig                         0x00000b41   Thumb Code    16  ht32f5xxxx_gpio.o(i.GPIO_InputConfig)
    GPIO_PullResistorConfig                  0x00000b51   Thumb Code    42  ht32f5xxxx_gpio.o(i.GPIO_PullResistorConfig)
    GPIO_ReadInBit                           0x00000b7b   Thumb Code    10  ht32f5xxxx_gpio.o(i.GPIO_ReadInBit)
    GPIO_SetOutBits                          0x00000b85   Thumb Code     4  ht32f5xxxx_gpio.o(i.GPIO_SetOutBits)
    GPTM0_Configuration                      0x00000b89   Thumb Code   130  gptm0.o(i.GPTM0_Configuration)
    GPTM0_IRQHandler                         0x00000c1d   Thumb Code    32  gptm0.o(i.GPTM0_IRQHandler)
    Get_Voltage                              0x00000c45   Thumb Code    82  adc.o(i.Get_Voltage)
    HardFault_Handler                        0x00000ca9   Thumb Code     2  ht32f5xxxx_01_it.o(i.HardFault_Handler)
    Init                                     0x00000cad   Thumb Code   126  main.o(i.Init)
    NMI_Handler                              0x00000d39   Thumb Code     2  ht32f5xxxx_01_it.o(i.NMI_Handler)
    PendSV_Handler                           0x00000d65   Thumb Code     2  ht32f5xxxx_01_it.o(i.PendSV_Handler)
    SVC_Handler                              0x00000d67   Thumb Code     2  ht32f5xxxx_01_it.o(i.SVC_Handler)
    SystemInit                               0x00000d69   Thumb Code   232  system_ht32f5xxxx_01.o(i.SystemInit)
    TM_ClearFlag                             0x00000e65   Thumb Code    10  ht32f5xxxx_tm.o(i.TM_ClearFlag)
    TM_Cmd                                   0x00000e6f   Thumb Code    20  ht32f5xxxx_tm.o(i.TM_Cmd)
    TM_IntConfig                             0x00000e83   Thumb Code    16  ht32f5xxxx_tm.o(i.TM_IntConfig)
    TM_TimeBaseInit                          0x00000e95   Thumb Code    58  ht32f5xxxx_tm.o(i.TM_TimeBaseInit)
    UART0_Configuration                      0x00000ed5   Thumb Code   108  uart0.o(i.UART0_Configuration)
    UART0_IRQHandler                         0x00000f45   Thumb Code   204  uart0.o(i.UART0_IRQHandler)
    UART0_init_buffer                        0x00001031   Thumb Code    22  uart0.o(i.UART0_init_buffer)
    UART0_tx_data                            0x0000104d   Thumb Code    76  uart0.o(i.UART0_tx_data)
    UART1_Configuration                      0x000010a1   Thumb Code   100  uart1.o(i.UART1_Configuration)
    UART1_IRQHandler                         0x0000110d   Thumb Code   112  uart1.o(i.UART1_IRQHandler)
    UART1_init_buffer                        0x00001189   Thumb Code    22  uart1.o(i.UART1_init_buffer)
    UART1_tx_data                            0x000011a5   Thumb Code    72  uart1.o(i.UART1_tx_data)
    USART_GetFlagStatus                      0x000011fd   Thumb Code    10  ht32f5xxxx_usart.o(i.USART_GetFlagStatus)
    USART_Init                               0x00001209   Thumb Code   114  ht32f5xxxx_usart.o(i.USART_Init)
    USART_IntConfig                          0x0000128d   Thumb Code    16  ht32f5xxxx_usart.o(i.USART_IntConfig)
    USART_ReceiveData                        0x0000129d   Thumb Code     6  ht32f5xxxx_usart.o(i.USART_ReceiveData)
    USART_SendData                           0x000012a3   Thumb Code     4  ht32f5xxxx_usart.o(i.USART_SendData)
    USART_TxRxCmd                            0x000012a7   Thumb Code    20  ht32f5xxxx_usart.o(i.USART_TxRxCmd)
    __ARM_clz                                0x000012bb   Thumb Code    46  depilogue.o(i.__ARM_clz)
    __ARM_common_switch8                     0x000012e9   Thumb Code    26  ht32f5xxxx_ckcu.o(i.__ARM_common_switch8)
    __scatterload_copy                       0x00001303   Thumb Code    14  handlers.o(i.__scatterload_copy)
    __scatterload_null                       0x00001311   Thumb Code     2  handlers.o(i.__scatterload_null)
    __scatterload_zeroinit                   0x00001313   Thumb Code    14  handlers.o(i.__scatterload_zeroinit)
    battery_indicator                        0x00001321   Thumb Code    56  main.o(i.battery_indicator)
    bttery_level                             0x00001371   Thumb Code   124  led.o(i.bttery_level)
    click_button                             0x000013f9   Thumb Code   214  main.o(i.click_button)
    delayy                                   0x000014f3   Thumb Code    18  i2c.o(i.delayy)
    detect_complete                          0x00001505   Thumb Code   106  main.o(i.detect_complete)
    led_init                                 0x00001581   Thumb Code   116  led.o(i.led_init)
    main                                     0x00001601   Thumb Code    98  main.o(i.main)
    memread                                  0x00001671   Thumb Code    72  i2c.o(i.memread)
    receive_bit                              0x000016bd   Thumb Code   182  i2c.o(i.receive_bit)
    rx_byte                                  0x0000177d   Thumb Code    42  i2c.o(i.rx_byte)
    send_bit                                 0x000017ad   Thumb Code   130  i2c.o(i.send_bit)
    start_bit                                0x00001839   Thumb Code   138  i2c.o(i.start_bit)
    stop_bit                                 0x000018c9   Thumb Code   108  i2c.o(i.stop_bit)
    temperature_RGB_UART                     0x00001939   Thumb Code   182  main.o(i.temperature_RGB_UART)
    temperature_measurement                  0x000019f9   Thumb Code    20  i2c.o(i.temperature_measurement)
    tx_byte                                  0x00001a11   Thumb Code    68  i2c.o(i.tx_byte)
    Region$$Table$$Base                      0x00001a58   Number         0  anon$$obj.o(Region$$Table)
    Region$$Table$$Limit                     0x00001a78   Number         0  anon$$obj.o(Region$$Table)
    t                                        0x20000000   Data           1  main.o(.data)
    temperature_10                           0x20000001   Data           1  main.o(.data)
    temperature_time                         0x20000002   Data           1  main.o(.data)
    face_time                                0x20000003   Data           1  main.o(.data)
    press_flag                               0x20000004   Data           1  main.o(.data)
    face_flag                                0x20000005   Data           1  main.o(.data)
    temperature_flag                         0x20000006   Data           1  main.o(.data)
    face_flag_complete                       0x20000007   Data           1  main.o(.data)
    data                                     0x20000008   Data           4  main.o(.data)
    restart_flag                             0x2000000c   Data           4  main.o(.data)
    voltage                                  0x20000010   Data           4  main.o(.data)
    data_speech                              0x20000014   Data           5  main.o(.data)
    data_tem                                 0x20000019   Data           7  main.o(.data)
    bftm0_ct                                 0x20000020   Data           4  bftm0.o(.data)
    data_speechh                             0x20000024   Data           5  uart0.o(.data)
    gptm0_ct                                 0x2000002c   Data           4  gptm0.o(.data)
    bit_in                                   0x20000030   Data           1  i2c.o(.data)
    bit_out                                  0x20000031   Data           1  i2c.o(.data)
    DataH                                    0x20000032   Data           1  i2c.o(.data)
    DataL                                    0x20000033   Data           1  i2c.o(.data)
    Pecreg                                   0x20000034   Data           1  i2c.o(.data)
    SystemCoreClock                          0x20000038   Data           4  system_ht32f5xxxx_01.o(.data)
    rxd_comm0                                0x2000003c   Data         262  uart0.o(.bss)
    txd_comm0                                0x20000144   Data         262  uart0.o(.bss)
    rxd_comm1                                0x2000024c   Data         262  uart1.o(.bss)
    txd_comm1                                0x20000354   Data         262  uart1.o(.bss)
    __HT_check_sp                            0x20000460   Data           0  startup_ht32f5xxxx_01.o(STACK)
    __initial_sp                             0x20000860   Data           0  startup_ht32f5xxxx_01.o(STACK)



==============================================================================

Memory Map of the image

  Image Entry point : 0x000000c1

  Load Region LR_1 (Base: 0x00000000, Size: 0x00001ab4, Max: 0xffffffff, ABSOLUTE)

    Execution Region ER_RO (Exec base: 0x00000000, Load base: 0x00000000, Size: 0x00001a78, Max: 0xffffffff, ABSOLUTE)

    Exec Addr    Load Addr    Size         Type   Attr      Idx    E Section Name        Object

    0x00000000   0x00000000   0x00000164   Code   RO          757  * RESET               startup_ht32f5xxxx_01.o
    0x00000164   0x00000164   0x00000000   Code   RO         4163  * .ARM.Collect$$$$00000000  mc_p.l(entry.o)
    0x00000164   0x00000164   0x00000004   Code   RO         4180    .ARM.Collect$$$$00000001  mc_p.l(entry2.o)
    0x00000168   0x00000168   0x00000004   Code   RO         4183    .ARM.Collect$$$$00000004  mc_p.l(entry5.o)
    0x0000016c   0x0000016c   0x00000000   Code   RO         4185    .ARM.Collect$$$$00000008  mc_p.l(entry7b.o)
    0x0000016c   0x0000016c   0x00000000   Code   RO         4187    .ARM.Collect$$$$0000000A  mc_p.l(entry8b.o)
    0x0000016c   0x0000016c   0x00000008   Code   RO         4188    .ARM.Collect$$$$0000000B  mc_p.l(entry9a.o)
    0x00000174   0x00000174   0x00000004   Code   RO         4195    .ARM.Collect$$$$0000000E  mc_p.l(entry12b.o)
    0x00000178   0x00000178   0x00000000   Code   RO         4190    .ARM.Collect$$$$0000000F  mc_p.l(entry10a.o)
    0x00000178   0x00000178   0x00000000   Code   RO         4192    .ARM.Collect$$$$00000011  mc_p.l(entry11a.o)
    0x00000178   0x00000178   0x00000004   Code   RO         4181    .ARM.Collect$$$$00002712  mc_p.l(entry2.o)
    0x0000017c   0x0000017c   0x0000002c   Code   RO         4166    .text               mc_p.l(uidiv.o)
    0x000001a8   0x000001a8   0x0000004c   Code   RO         4168    .text               mc_p.l(ldiv.o)
    0x000001f4   0x000001f4   0x000000d0   Code   RO         4170    .text               mf_p.l(dmul.o)
    0x000002c4   0x000002c4   0x000000f0   Code   RO         4172    .text               mf_p.l(ddiv.o)
    0x000003b4   0x000003b4   0x0000002c   Code   RO         4174    .text               mf_p.l(dscalb.o)
    0x000003e0   0x000003e0   0x0000001c   Code   RO         4176    .text               mf_p.l(dfltui.o)
    0x000003fc   0x000003fc   0x00000038   Code   RO         4178    .text               mf_p.l(d2f.o)
    0x00000434   0x00000434   0x00000060   Code   RO         4196    .text               mc_p.l(uldiv.o)
    0x00000494   0x00000494   0x00000000   Code   RO         4198    .text               mc_p.l(iusefp.o)
    0x00000494   0x00000494   0x00000082   Code   RO         4199    .text               mf_p.l(fepilogue.o)
    0x00000516   0x00000516   0x000000be   Code   RO         4201    .text               mf_p.l(depilogue.o)
    0x000005d4   0x000005d4   0x00000024   Code   RO         4205    .text               mc_p.l(init.o)
    0x000005f8   0x000005f8   0x00000020   Code   RO         4207    .text               mc_p.l(llshl.o)
    0x00000618   0x00000618   0x00000022   Code   RO         4209    .text               mc_p.l(llushr.o)
    0x0000063a   0x0000063a   0x00000006   Code   RO         3190    i.ADC_ClearIntPendingBit  ht32f5xxxx_adc.o
    0x00000640   0x00000640   0x00000012   Code   RO         3191    i.ADC_Cmd           ht32f5xxxx_adc.o
    0x00000652   0x00000652   0x00000002   PAD
    0x00000654   0x00000654   0x00000084   Code   RO          419    i.ADC_Configuration  adc.o
    0x000006d8   0x000006d8   0x0000000a   Code   RO         3193    i.ADC_GetConversionData  ht32f5xxxx_adc.o
    0x000006e2   0x000006e2   0x0000000c   Code   RO         3194    i.ADC_GetFlagStatus  ht32f5xxxx_adc.o
    0x000006ee   0x000006ee   0x00000002   PAD
    0x000006f0   0x000006f0   0x00000010   Code   RO          420    i.ADC_IRQHandler    adc.o
    0x00000700   0x00000700   0x00000012   Code   RO         3196    i.ADC_IntConfig     ht32f5xxxx_adc.o
    0x00000712   0x00000712   0x0000001c   Code   RO         3198    i.ADC_RegularChannelConfig  ht32f5xxxx_adc.o
    0x0000072e   0x0000072e   0x0000001a   Code   RO         3199    i.ADC_RegularGroupConfig  ht32f5xxxx_adc.o
    0x00000748   0x00000748   0x0000000e   Code   RO         3200    i.ADC_RegularTrigConfig  ht32f5xxxx_adc.o
    0x00000756   0x00000756   0x00000004   Code   RO         3202    i.ADC_SamplingTimeConfig  ht32f5xxxx_adc.o
    0x0000075a   0x0000075a   0x00000014   Code   RO         3203    i.ADC_SoftwareStartConvCmd  ht32f5xxxx_adc.o
    0x0000076e   0x0000076e   0x00000002   PAD
    0x00000770   0x00000770   0x00000058   Code   RO         1864    i.AFIO_GPxConfig    ht32f5xxxx_gpio.o
    0x000007c8   0x000007c8   0x0000005c   Code   RO          384    i.BFTM0_Configuration  bftm0.o
    0x00000824   0x00000824   0x0000001c   Code   RO          385    i.BFTM0_IRQHandler  bftm0.o
    0x00000840   0x00000840   0x0000000e   Code   RO         1391    i.BFTM_ClearFlag    ht32f5xxxx_bftm.o
    0x0000084e   0x0000084e   0x00000012   Code   RO         1393    i.BFTM_EnaCmd       ht32f5xxxx_bftm.o
    0x00000860   0x00000860   0x00000014   Code   RO         1397    i.BFTM_IntConfig    ht32f5xxxx_bftm.o
    0x00000874   0x00000874   0x00000004   Code   RO         1399    i.BFTM_SetCompare   ht32f5xxxx_bftm.o
    0x00000878   0x00000878   0x00000004   Code   RO         1400    i.BFTM_SetCounter   ht32f5xxxx_bftm.o
    0x0000087c   0x0000087c   0x0000006c   Code   RO         1471    i.CKCU_GetClocksFrequency  ht32f5xxxx_ckcu.o
    0x000008e8   0x000008e8   0x0000003c   Code   RO         1473    i.CKCU_GetPLLFrequency  ht32f5xxxx_ckcu.o
    0x00000924   0x00000924   0x00000034   Code   RO         1474    i.CKCU_GetPeripFrequency  ht32f5xxxx_ckcu.o
    0x00000958   0x00000958   0x00000028   Code   RO         1489    i.CKCU_PeripClockConfig  ht32f5xxxx_ckcu.o
    0x00000980   0x00000980   0x00000018   Code   RO         1490    i.CKCU_SetADCnPrescaler  ht32f5xxxx_ckcu.o
    0x00000998   0x00000998   0x00000004   Code   RO         1865    i.GPIO_ClearOutBits  ht32f5xxxx_gpio.o
    0x0000099c   0x0000099c   0x00000194   Code   RO          266    i.GPIO_Configuration  gpio.o
    0x00000b30   0x00000b30   0x00000010   Code   RO         1867    i.GPIO_DirectionConfig  ht32f5xxxx_gpio.o
    0x00000b40   0x00000b40   0x00000010   Code   RO         1871    i.GPIO_InputConfig  ht32f5xxxx_gpio.o
    0x00000b50   0x00000b50   0x0000002a   Code   RO         1876    i.GPIO_PullResistorConfig  ht32f5xxxx_gpio.o
    0x00000b7a   0x00000b7a   0x0000000a   Code   RO         1877    i.GPIO_ReadInBit    ht32f5xxxx_gpio.o
    0x00000b84   0x00000b84   0x00000004   Code   RO         1881    i.GPIO_SetOutBits   ht32f5xxxx_gpio.o
    0x00000b88   0x00000b88   0x00000094   Code   RO          587    i.GPTM0_Configuration  gptm0.o
    0x00000c1c   0x00000c1c   0x00000028   Code   RO          588    i.GPTM0_IRQHandler  gptm0.o
    0x00000c44   0x00000c44   0x00000064   Code   RO          421    i.Get_Voltage       adc.o
    0x00000ca8   0x00000ca8   0x00000002   Code   RO            3    i.HardFault_Handler  ht32f5xxxx_01_it.o
    0x00000caa   0x00000caa   0x00000002   PAD
    0x00000cac   0x00000cac   0x0000008c   Code   RO          174    i.Init              main.o
    0x00000d38   0x00000d38   0x00000002   Code   RO            4    i.NMI_Handler       ht32f5xxxx_01_it.o
    0x00000d3a   0x00000d3a   0x00000002   PAD
    0x00000d3c   0x00000d3c   0x00000014   Code   RO          459    i.NVIC_DisableIRQ   uart0.o
    0x00000d50   0x00000d50   0x00000014   Code   RO          460    i.NVIC_EnableIRQ    uart0.o
    0x00000d64   0x00000d64   0x00000002   Code   RO            5    i.PendSV_Handler    ht32f5xxxx_01_it.o
    0x00000d66   0x00000d66   0x00000002   Code   RO            6    i.SVC_Handler       ht32f5xxxx_01_it.o
    0x00000d68   0x00000d68   0x000000fc   Code   RO          723    i.SystemInit        system_ht32f5xxxx_01.o
    0x00000e64   0x00000e64   0x0000000a   Code   RO         2349    i.TM_ClearFlag      ht32f5xxxx_tm.o
    0x00000e6e   0x00000e6e   0x00000014   Code   RO         2352    i.TM_Cmd            ht32f5xxxx_tm.o
    0x00000e82   0x00000e82   0x00000010   Code   RO         2367    i.TM_IntConfig      ht32f5xxxx_tm.o
    0x00000e92   0x00000e92   0x00000002   PAD
    0x00000e94   0x00000e94   0x00000040   Code   RO         2385    i.TM_TimeBaseInit   ht32f5xxxx_tm.o
    0x00000ed4   0x00000ed4   0x00000070   Code   RO          461    i.UART0_Configuration  uart0.o
    0x00000f44   0x00000f44   0x000000ec   Code   RO          462    i.UART0_IRQHandler  uart0.o
    0x00001030   0x00001030   0x0000001c   Code   RO          464    i.UART0_init_buffer  uart0.o
    0x0000104c   0x0000104c   0x00000054   Code   RO          466    i.UART0_tx_data     uart0.o
    0x000010a0   0x000010a0   0x0000006c   Code   RO          534    i.UART1_Configuration  uart1.o
    0x0000110c   0x0000110c   0x0000007c   Code   RO          535    i.UART1_IRQHandler  uart1.o
    0x00001188   0x00001188   0x0000001c   Code   RO          537    i.UART1_init_buffer  uart1.o
    0x000011a4   0x000011a4   0x00000058   Code   RO          539    i.UART1_tx_data     uart1.o
    0x000011fc   0x000011fc   0x0000000a   Code   RO         2664    i.USART_GetFlagStatus  ht32f5xxxx_usart.o
    0x00001206   0x00001206   0x00000002   PAD
    0x00001208   0x00001208   0x00000084   Code   RO         2666    i.USART_Init        ht32f5xxxx_usart.o
    0x0000128c   0x0000128c   0x00000010   Code   RO         2667    i.USART_IntConfig   ht32f5xxxx_usart.o
    0x0000129c   0x0000129c   0x00000006   Code   RO         2676    i.USART_ReceiveData  ht32f5xxxx_usart.o
    0x000012a2   0x000012a2   0x00000004   Code   RO         2677    i.USART_SendData    ht32f5xxxx_usart.o
    0x000012a6   0x000012a6   0x00000014   Code   RO         2688    i.USART_TxRxCmd     ht32f5xxxx_usart.o
    0x000012ba   0x000012ba   0x0000002e   Code   RO         4203    i.__ARM_clz         mf_p.l(depilogue.o)
    0x000012e8   0x000012e8   0x0000001a   Code   RO         1662    i.__ARM_common_switch8  ht32f5xxxx_ckcu.o
    0x00001302   0x00001302   0x0000000e   Code   RO         4213    i.__scatterload_copy  mc_p.l(handlers.o)
    0x00001310   0x00001310   0x00000002   Code   RO         4214    i.__scatterload_null  mc_p.l(handlers.o)
    0x00001312   0x00001312   0x0000000e   Code   RO         4215    i.__scatterload_zeroinit  mc_p.l(handlers.o)
    0x00001320   0x00001320   0x00000050   Code   RO          175    i.battery_indicator  main.o
    0x00001370   0x00001370   0x00000088   Code   RO          619    i.bttery_level      led.o
    0x000013f8   0x000013f8   0x000000e8   Code   RO          177    i.click_button      main.o
    0x000014e0   0x000014e0   0x00000012   Code   RO          178    i.delay_us          main.o
    0x000014f2   0x000014f2   0x00000012   Code   RO          646    i.delayy            i2c.o
    0x00001504   0x00001504   0x0000007c   Code   RO          179    i.detect_complete   main.o
    0x00001580   0x00001580   0x00000080   Code   RO          620    i.led_init          led.o
    0x00001600   0x00001600   0x00000070   Code   RO          180    i.main              main.o
    0x00001670   0x00001670   0x0000004c   Code   RO          647    i.memread           i2c.o
    0x000016bc   0x000016bc   0x000000c0   Code   RO          648    i.receive_bit       i2c.o
    0x0000177c   0x0000177c   0x00000030   Code   RO          649    i.rx_byte           i2c.o
    0x000017ac   0x000017ac   0x0000008c   Code   RO          650    i.send_bit          i2c.o
    0x00001838   0x00001838   0x00000090   Code   RO          651    i.start_bit         i2c.o
    0x000018c8   0x000018c8   0x00000070   Code   RO          652    i.stop_bit          i2c.o
    0x00001938   0x00001938   0x000000c0   Code   RO          181    i.temperature_RGB_UART  main.o
    0x000019f8   0x000019f8   0x00000018   Code   RO          653    i.temperature_measurement  i2c.o
    0x00001a10   0x00001a10   0x00000048   Code   RO          654    i.tx_byte           i2c.o
    0x00001a58   0x00001a58   0x00000020   Data   RO         4211    Region$$Table       anon$$obj.o


    Execution Region ER_RW (Exec base: 0x20000000, Load base: 0x00001a78, Size: 0x0000003c, Max: 0xffffffff, ABSOLUTE)

    Exec Addr    Load Addr    Size         Type   Attr      Idx    E Section Name        Object

    0x20000000   0x00001a78   0x00000020   Data   RW          182    .data               main.o
    0x20000020   0x00001a98   0x00000004   Data   RW          386    .data               bftm0.o
    0x20000024   0x00001a9c   0x00000005   Data   RW          468    .data               uart0.o
    0x20000029   0x00001aa1   0x00000003   PAD
    0x2000002c   0x00001aa4   0x00000004   Data   RW          589    .data               gptm0.o
    0x20000030   0x00001aa8   0x00000005   Data   RW          655    .data               i2c.o
    0x20000035   0x00001aad   0x00000003   PAD
    0x20000038   0x00001ab0   0x00000004   Data   RW          724    .data               system_ht32f5xxxx_01.o


    Execution Region ER_ZI (Exec base: 0x2000003c, Load base: 0x00001ab4, Size: 0x00000824, Max: 0xffffffff, ABSOLUTE)

    Exec Addr    Load Addr    Size         Type   Attr      Idx    E Section Name        Object

    0x2000003c        -       0x0000020e   Zero   RW          467    .bss                uart0.o
    0x2000024a   0x00001ab4   0x00000002   PAD
    0x2000024c        -       0x0000020e   Zero   RW          540    .bss                uart1.o
    0x2000045a   0x00001ab4   0x00000006   PAD
    0x20000460        -       0x00000400   Zero   RW          755    STACK               startup_ht32f5xxxx_01.o


==============================================================================

Image component sizes


      Code (inc. data)   RO Data    RW Data    ZI Data      Debug   Object Name

       248         34          0          0          0       1555   adc.o
       120         24          0          4          0       6984   bftm0.o
       404         12          0          0          0      42129   gpio.o
       188         26          0          4          0       1352   gptm0.o
         8          0          0          0          0      23825   ht32f5xxxx_01_it.o
       156          0          0          0          0       6531   ht32f5xxxx_adc.o
        60          0          0          0          0       3128   ht32f5xxxx_bftm.o
       310         44          0          0          0      12648   ht32f5xxxx_ckcu.o
       180          6          0          0          0       9372   ht32f5xxxx_gpio.o
       110          6          0          0          0      14228   ht32f5xxxx_tm.o
       188         18          0          0          0      11878   ht32f5xxxx_usart.o
       826         48          0          5          0       5401   i2c.o
       264         24          0          0          0       1006   led.o
       898         98          0         32          0       4750   main.o
       356        238          0          0       1024        680   startup_ht32f5xxxx_01.o
       252         20          0          4          0       1827   system_ht32f5xxxx_01.o
       500         62          0          5        526      10435   uart0.o
       348         42          0          0        526       2691   uart1.o

    ----------------------------------------------------------------------
      5430        702         32         60       2084     160420   Object Totals
         0          0         32          0          0          0   (incl. Generated)
        14          0          0          6          8          0   (incl. Padding)

    ----------------------------------------------------------------------

      Code (inc. data)   RO Data    RW Data    ZI Data      Debug   Library Member Name

         0          0          0          0          0          0   entry.o
         0          0          0          0          0          0   entry10a.o
         0          0          0          0          0          0   entry11a.o
         4          0          0          0          0          0   entry12b.o
         8          4          0          0          0          0   entry2.o
         4          0          0          0          0          0   entry5.o
         0          0          0          0          0          0   entry7b.o
         0          0          0          0          0          0   entry8b.o
         8          4          0          0          0          0   entry9a.o
        30          0          0          0          0          0   handlers.o
        36          8          0          0          0         68   init.o
         0          0          0          0          0          0   iusefp.o
        76          0          0          0          0         76   ldiv.o
        32          0          0          0          0         68   llshl.o
        34          0          0          0          0         68   llushr.o
        44          0          0          0          0         72   uidiv.o
        96          0          0          0          0         84   uldiv.o
        56          0          0          0          0         68   d2f.o
       240          6          0          0          0         84   ddiv.o
       236          0          0          0          0        216   depilogue.o
        28          4          0          0          0         68   dfltui.o
       208          6          0          0          0         88   dmul.o
        44          0          0          0          0         72   dscalb.o
       130          0          0          0          0        144   fepilogue.o

    ----------------------------------------------------------------------
      1314         32          0          0          0       1176   Library Totals
         0          0          0          0          0          0   (incl. Padding)

    ----------------------------------------------------------------------

      Code (inc. data)   RO Data    RW Data    ZI Data      Debug   Library Name

       372         16          0          0          0        436   mc_p.l
       942         16          0          0          0        740   mf_p.l

    ----------------------------------------------------------------------
      1314         32          0          0          0       1176   Library Totals

    ----------------------------------------------------------------------

==============================================================================


      Code (inc. data)   RO Data    RW Data    ZI Data      Debug   

      6744        734         32         60       2084     157876   Grand Totals
      6744        734         32         60       2084     157876   ELF Image Totals
      6744        734         32         60          0          0   ROM Totals

==============================================================================

    Total RO  Size (Code + RO Data)                 6776 (   6.62kB)
    Total RW  Size (RW Data + ZI Data)              2144 (   2.09kB)
    Total ROM Size (Code + RO Data + RW Data)       6836 (   6.68kB)

==============================================================================

